 GigeCameraDemo

 Timestamp is 5bc3be1a (Mon Oct 15 06:07:22 2018)

 Preferred load address is 0000000140000000

 Start         Length     Name                   Class
 0001:00000000 000223c5H .text                   CODE
 0001:000223d0 00003119H .text$x                 CODE
 0001:000254f0 000018bcH .text$yc                CODE
 0001:00026db0 000010d5H .text$yd                CODE
 0002:00000000 00000109H .CRT$XCA                DATA
 0002:00000110 00000109H .CRT$XCAA               DATA
 0002:00000220 0000011cH .CRT$XCC                DATA
 0002:00000340 00000220H .CRT$XCL                DATA
 0002:00000560 0000013fH .CRT$XCU                DATA
 0002:000006a0 00000109H .CRT$XCZ                DATA
 0002:000007b0 00000109H .CRT$XIA                DATA
 0002:000008c0 00000109H .CRT$XIAA               DATA
 0002:000009d0 00000109H .CRT$XIY                DATA
 0002:00000ae0 00000109H .CRT$XIZ                DATA
 0002:00000bf0 00009023H .rdata                  DATA
 0002:00009c14 0000016aH .rdata$debug            DATA
 0002:00009d80 00001128H .rdata$r                DATA
 0002:0000aea8 00000109H .rtc$IAA                DATA
 0002:0000afb8 00000109H .rtc$IZZ                DATA
 0002:0000b0c8 00000109H .rtc$TAA                DATA
 0002:0000b1d8 00000109H .rtc$TZZ                DATA
 0002:0000b2e8 00002dc2H .xdata                  DATA
 0002:0000e0b0 00000164H .xdata$x                DATA
 0002:0000e218 00000109H ATL$__a                 DATA
 0002:0000e328 00000109H ATL$__z                 DATA
 0002:0000e431 00000000H .edata                  DATA
 0003:00000000 00000744H .data                   DATA
 0003:00000750 345273f0H .bss                    DATA
 0004:00000000 00001f5cH .pdata                  DATA
 0005:00000000 0000012cH .idata$2                DATA
 0005:0000012c 00000014H .idata$3                DATA
 0005:00000140 00002480H .idata$4                DATA
 0005:000025c0 00002480H .idata$5                DATA
 0005:00004a40 000049a4H .idata$6                DATA
 0006:00000000 000014e9H .rsrc$01                DATA
 0006:000014f0 003920c3H .rsrc$02                DATA

  Address         Publics by Value              Rva+Base               Lib:Object

 0000:00000000       ___safe_se_handler_count   0000000000000000     <absolute>
 0000:00000000       ___safe_se_handler_table   0000000000000000     <absolute>
 0000:00000000       __ImageBase                0000000140000000     <linker-defined>
 0001:00000a00       ?_AfxInitManaged@@YAHXZ    0000000140001a00 f i GigeCameraDemo.obj
 0001:00000a10       ??_H@YAXPEAX_KHP6APEAX0@Z@Z 0000000140001a10 f i GigeCameraDemo.obj
 0001:00000a80       ?GetMessageMap@CGigeCameraDemoApp@@MEBAPEBUAFX_MSGMAP@@XZ 0000000140001a80 f   GigeCameraDemo.obj
 0001:00000aa0       ?GetThisMessageMap@CGigeCameraDemoApp@@KAPEBUAFX_MSGMAP@@XZ 0000000140001aa0 f   GigeCameraDemo.obj
 0001:00000ab0       ??0CGigeCameraDemoApp@@QEAA@XZ 0000000140001ab0 f   GigeCameraDemo.obj
 0001:00000af0       ?InitInstance@CGigeCameraDemoApp@@UEAAHXZ 0000000140001af0 f   GigeCameraDemo.obj
 0001:00000bd0       ?SupportsRestartManager@CWinApp@@UEBAHXZ 0000000140001bd0 f i GigeCameraDemo.obj
 0001:00000bf0       ?SupportsApplicationRecovery@CWinApp@@UEBAHXZ 0000000140001bf0 f i GigeCameraDemo.obj
 0001:00000c10       ?SupportsAutosaveAtRestart@CWinApp@@UEBAHXZ 0000000140001c10 f i GigeCameraDemo.obj
 0001:00000c30       ?SupportsAutosaveAtInterval@CWinApp@@UEBAHXZ 0000000140001c30 f i GigeCameraDemo.obj
 0001:00000c50       ?ReopenPreviousFilesAtRestart@CWinApp@@UEBAHXZ 0000000140001c50 f i GigeCameraDemo.obj
 0001:00000c70       ?RestoreAutosavedFilesAtRestart@CWinApp@@UEBAHXZ 0000000140001c70 f i GigeCameraDemo.obj
 0001:00000c90       ?GetApplicationRestartFlags@CWinApp@@UEAAKXZ 0000000140001c90 f i GigeCameraDemo.obj
 0001:00000ca0       ?GetApplicationRecoveryParameter@CWinApp@@UEAAPEAXXZ 0000000140001ca0 f i GigeCameraDemo.obj
 0001:00000cb0       ?GetApplicationRecoveryPingInterval@CWinApp@@UEAAKXZ 0000000140001cb0 f i GigeCameraDemo.obj
 0001:00000cc0       ??_GCGigeCameraDemoApp@@UEAAPEAXI@Z 0000000140001cc0 f i GigeCameraDemo.obj
 0001:00000cc0       ??_ECGigeCameraDemoApp@@UEAAPEAXI@Z 0000000140001cc0 f i GigeCameraDemo.obj
 0001:00000d10       ??1CGigeCameraDemoApp@@UEAA@XZ 0000000140001d10 f i GigeCameraDemo.obj
 0001:00000d30       ??1CGigeCameraDemoDlg@@UEAA@XZ 0000000140001d30 f i GigeCameraDemo.obj
 0001:00001160       ??0Thank_you@Define_the_symbol__ATL_MIXED@@QEAA@XZ 0000000140002160 f i GigeCameraDemo.obj
 0001:00001180       ?one@Thank_you@Define_the_symbol__ATL_MIXED@@UEAAXXZ 0000000140002180 f i GigeCameraDemo.obj
 0001:00001190       ??0CAboutDlg@@QEAA@XZ      0000000140002190 f   GigeCameraDemoDlg.obj
 0001:000011d0       ?DoDataExchange@CAboutDlg@@MEAAXPEAVCDataExchange@@@Z 00000001400021d0 f   GigeCameraDemoDlg.obj
 0001:00001200       ?GetMessageMap@CAboutDlg@@MEBAPEBUAFX_MSGMAP@@XZ 0000000140002200 f   GigeCameraDemoDlg.obj
 0001:00001220       ?GetThisMessageMap@CAboutDlg@@KAPEBUAFX_MSGMAP@@XZ 0000000140002220 f   GigeCameraDemoDlg.obj
 0001:00001230       ??0CGigeCameraDemoDlg@@QEAA@PEAVCWnd@@@Z 0000000140002230 f   GigeCameraDemoDlg.obj
 0001:00001d20       ?DoDataExchange@CGigeCameraDemoDlg@@MEAAXPEAVCDataExchange@@@Z 0000000140002d20 f   GigeCameraDemoDlg.obj
 0001:00001da0       ?GetMessageMap@CGigeCameraDemoDlg@@MEBAPEBUAFX_MSGMAP@@XZ 0000000140002da0 f   GigeCameraDemoDlg.obj
 0001:00001dc0       ?GetThisMessageMap@CGigeCameraDemoDlg@@KAPEBUAFX_MSGMAP@@XZ 0000000140002dc0 f   GigeCameraDemoDlg.obj
 0001:00001dd0       ?onShowTask@CGigeCameraDemoDlg@@IEAA_J_K_J@Z 0000000140002dd0 f   GigeCameraDemoDlg.obj
 0001:00001f20       ?PushImageToMyBuffer@@YA_NQEAUtag_BuffNode@@PEADHHHHH@Z 0000000140002f20 f   GigeCameraDemoDlg.obj
 0001:00001f40       ?PushImageToMyBuffer_1@@YA_NQEAUtag_BuffNode@@PEADHHHHH@Z 0000000140002f40 f   GigeCameraDemoDlg.obj
 0001:00002120       ?PushImageToMyBuffer_2@@YA_NQEAUtag_BuffNode@@PEADHHHHH@Z 0000000140003120 f   GigeCameraDemoDlg.obj
 0001:00002300       ?CreateFile2@@YAHV?$CStringT@DV?$StrTraitMFC_DLL@DV?$ChTraitsCRT@D@ATL@@@@@ATL@@0H@Z 0000000140003300 f   GigeCameraDemoDlg.obj
 0001:00002400       ?SaveImageData_1@@YAKPEAX@Z 0000000140003400 f   GigeCameraDemoDlg.obj
 0001:00002710       ?SaveImageData_2@@YAKPEAX@Z 0000000140003710 f   GigeCameraDemoDlg.obj
 0001:00002a20       ?XferCallback_1@CGigeCameraDemoDlg@@SAXPEAVSapXferCallbackInfo@@@Z 0000000140003a20 f   GigeCameraDemoDlg.obj
 0001:00002d10       ?XferCallback_2@CGigeCameraDemoDlg@@SAXPEAVSapXferCallbackInfo@@@Z 0000000140003d10 f   GigeCameraDemoDlg.obj
 0001:00002fa0       ?PixelChanged@CGigeCameraDemoDlg@@UEAAXHH@Z 0000000140003fa0 f   GigeCameraDemoDlg.obj
 0001:00003160       ?GetPathUseSpace@@YA_KPEBD@Z 0000000140004160 f   GigeCameraDemoDlg.obj
 0001:00003200       ?GetDirFileCount@@YA_KV?$CStringT@DV?$StrTraitMFC_DLL@DV?$ChTraitsCRT@D@ATL@@@@@ATL@@@Z 0000000140004200 f   GigeCameraDemoDlg.obj
 0001:00003300       ?ReadFreeSpace@@YANV?$CStringT@DV?$StrTraitMFC_DLL@DV?$ChTraitsCRT@D@ATL@@@@@ATL@@@Z 0000000140004300 f   GigeCameraDemoDlg.obj
 0001:00003450       ?OnReceiveData@CGigeCameraDemoDlg@@IEAA_J_K_J@Z 0000000140004450 f   GigeCameraDemoDlg.obj
 0001:00003a40       ?us_Delay@@YAXK@Z          0000000140004a40 f   GigeCameraDemoDlg.obj
 0001:00003ad0       ?CheckMessageQueue@@YAHXZ  0000000140004ad0 f   GigeCameraDemoDlg.obj
 0001:00003b30       ?delay_time@@YAXK@Z        0000000140004b30 f   GigeCameraDemoDlg.obj
 0001:00003bd0       ?OnInitDialog@CGigeCameraDemoDlg@@MEAAHXZ 0000000140004bd0 f   GigeCameraDemoDlg.obj
 0001:00005270       ?IsUserAdmin@CGigeCameraDemoDlg@@QEAAHXZ 0000000140006270 f   GigeCameraDemoDlg.obj
 0001:000052c0       ?CreateObjects_1@CGigeCameraDemoDlg@@QEAAHXZ 00000001400062c0 f   GigeCameraDemoDlg.obj
 0001:00005540       ?CreateObjects_2@CGigeCameraDemoDlg@@QEAAHXZ 0000000140006540 f   GigeCameraDemoDlg.obj
 0001:000057c0       ?DestroyObjects_1@CGigeCameraDemoDlg@@QEAAHXZ 00000001400067c0 f   GigeCameraDemoDlg.obj
 0001:000058f0       ?DestroyObjects_2@CGigeCameraDemoDlg@@QEAAHXZ 00000001400068f0 f   GigeCameraDemoDlg.obj
 0001:00005a20       ?OnSysCommand@CGigeCameraDemoDlg@@IEAAXI_J@Z 0000000140006a20 f   GigeCameraDemoDlg.obj
 0001:00005aa0       ?OnPaint@CGigeCameraDemoDlg@@IEAAXXZ 0000000140006aa0 f   GigeCameraDemoDlg.obj
 0001:00005b50       ?OnDestroy@CGigeCameraDemoDlg@@IEAAXXZ 0000000140006b50 f   GigeCameraDemoDlg.obj
 0001:00006020       ?OnSize@CGigeCameraDemoDlg@@IEAAXIHH@Z 0000000140007020 f   GigeCameraDemoDlg.obj
 0001:00006350       ?OnQueryDragIcon@CGigeCameraDemoDlg@@IEAAPEAUHICON__@@XZ 0000000140007350 f   GigeCameraDemoDlg.obj
 0001:00006370       ?OnEndSession@CGigeCameraDemoDlg@@IEAAXH@Z 0000000140007370 f   GigeCameraDemoDlg.obj
 0001:000063b0       ?OnQueryEndSession@CGigeCameraDemoDlg@@IEAAHXZ 00000001400073b0 f   GigeCameraDemoDlg.obj
 0001:000063e0       ?UpdateMenu@CGigeCameraDemoDlg@@QEAAXXZ 00000001400073e0 f   GigeCameraDemoDlg.obj
 0001:00006540       ?DoEvents@@YA_NXZ          0000000140007540 f   GigeCameraDemoDlg.obj
 0001:000065d0       ?OnTest@CGigeCameraDemoDlg@@IEAAXXZ 00000001400075d0 f   GigeCameraDemoDlg.obj
 0001:000066b0       ?ReadParamFromIniFile@CGigeCameraDemoDlg@@QEAA_NXZ 00000001400076b0 f   GigeCameraDemoDlg.obj
 0001:00006c80       ?WriteParamFileIniFile@CGigeCameraDemoDlg@@QEAA_NXZ 0000000140007c80 f   GigeCameraDemoDlg.obj
 0001:00006d10       ?OnMainitemShow@CGigeCameraDemoDlg@@QEAAXXZ 0000000140007d10 f   GigeCameraDemoDlg.obj
 0001:00006d40       ?OnMainitemHide@CGigeCameraDemoDlg@@QEAAXXZ 0000000140007d40 f   GigeCameraDemoDlg.obj
 0001:00006d60       ?OnMainitemExit@CGigeCameraDemoDlg@@QEAAXXZ 0000000140007d60 f   GigeCameraDemoDlg.obj
 0001:00006d90       ?FitToWindow@CGigeCameraDemoDlg@@QEAAXPEAVSapView@@@Z 0000000140007d90 f   GigeCameraDemoDlg.obj
 0001:00007010       ?OnGrab@CGigeCameraDemoDlg@@IEAAXXZ 0000000140008010 f   GigeCameraDemoDlg.obj
 0001:000073c0       ?OnFreeze@CGigeCameraDemoDlg@@IEAAXXZ 00000001400083c0 f   GigeCameraDemoDlg.obj
 0001:00007650       ?OnNcPaint@CGigeCameraDemoDlg@@QEAAXXZ 0000000140008650 f   GigeCameraDemoDlg.obj
 0001:00007670       ?OnTimer@CGigeCameraDemoDlg@@QEAAX_K@Z 0000000140008670 f   GigeCameraDemoDlg.obj
 0001:00007d20       ?OnMainitemTest@CGigeCameraDemoDlg@@QEAAXXZ 0000000140008d20 f   GigeCameraDemoDlg.obj
 0001:00007d40       ?OnBnClickedReturn@CGigeCameraDemoDlg@@QEAAXXZ 0000000140008d40 f   GigeCameraDemoDlg.obj
 0001:00007e80       ?ImageFrom_IDResource@CGigeCameraDemoDlg@@QEAAXIPEBDPEAVCImage@ATL@@@Z 0000000140008e80 f   GigeCameraDemoDlg.obj
 0001:00007f80       ?RefreshUI@CGigeCameraDemoDlg@@QEAAXXZ 0000000140008f80 f   GigeCameraDemoDlg.obj
 0001:00008d40       ?OnLButtonDown@CGigeCameraDemoDlg@@QEAAXIVCPoint@@@Z 0000000140009d40 f   GigeCameraDemoDlg.obj
 0001:00009bf0       ?OnEraseBkgnd@CGigeCameraDemoDlg@@QEAAHPEAVCDC@@@Z 000000014000abf0 f   GigeCameraDemoDlg.obj
 0001:00009c40       ?WritePosInfo@CGigeCameraDemoDlg@@QEAAXV?$CStringT@DV?$StrTraitMFC_DLL@DV?$ChTraitsCRT@D@ATL@@@@@ATL@@@Z 000000014000ac40 f   GigeCameraDemoDlg.obj
 0001:00009ef0       ?SetUI@CGigeCameraDemoDlg@@QEAAXXZ 000000014000aef0 f   GigeCameraDemoDlg.obj
 0001:0000a610       ?OnCreate@CGigeCameraDemoDlg@@QEAAHPEAUtagCREATESTRUCTA@@@Z 000000014000b610 f   GigeCameraDemoDlg.obj
 0001:0000a650       ?HideCursor@CGigeCameraDemoDlg@@QEAAXXZ 000000014000b650 f   GigeCameraDemoDlg.obj
 0001:0000cbd0       ??_ECAboutDlg@@UEAAPEAXI@Z 000000014000dbd0 f i GigeCameraDemoDlg.obj
 0001:0000cbd0       ??_GCAboutDlg@@UEAAPEAXI@Z 000000014000dbd0 f i GigeCameraDemoDlg.obj
 0001:0000cc20       ??1CAboutDlg@@UEAA@XZ      000000014000dc20 f i GigeCameraDemoDlg.obj
 0001:0000cc40       ??_ECGigeCameraDemoDlg@@UEAAPEAXI@Z 000000014000dc40 f i GigeCameraDemoDlg.obj
 0001:0000cc40       ??_GCGigeCameraDemoDlg@@UEAAPEAXI@Z 000000014000dc40 f i GigeCameraDemoDlg.obj
 0001:0000cc90       ??_GSapAcqDeviceToBuf@@UEAAPEAXI@Z 000000014000dc90 f i GigeCameraDemoDlg.obj
 0001:0000cc90       ??_ESapAcqDeviceToBuf@@UEAAPEAXI@Z 000000014000dc90 f i GigeCameraDemoDlg.obj
 0001:0000cce0       ??_GSapAcqDevice@@UEAAPEAXI@Z 000000014000dce0 f i GigeCameraDemoDlg.obj
 0001:0000cce0       ??_ESapAcqDevice@@UEAAPEAXI@Z 000000014000dce0 f i GigeCameraDemoDlg.obj
 0001:0000cd30       ??_GSapBufferWithTrash@@UEAAPEAXI@Z 000000014000dd30 f i GigeCameraDemoDlg.obj
 0001:0000cd30       ??_ESapBufferWithTrash@@UEAAPEAXI@Z 000000014000dd30 f i GigeCameraDemoDlg.obj
 0001:0000cd80       ??_ESapView@@UEAAPEAXI@Z   000000014000dd80 f i GigeCameraDemoDlg.obj
 0001:0000cd80       ??_GSapView@@UEAAPEAXI@Z   000000014000dd80 f i GigeCameraDemoDlg.obj
 0001:0000cdd0       ?floor@@YAMM@Z             000000014000ddd0 f i GigeCameraDemoDlg.obj
 0001:0000ce00       ?Load@CImage@ATL@@QEAAJPEAUIStream@@@Z 000000014000de00 f i GigeCameraDemoDlg.obj
 0001:0000cea0       ?GetLastStatus@Image@Gdiplus@@QEBA?AW4Status@2@XZ 000000014000dea0 f i GigeCameraDemoDlg.obj
 0001:0000cee0       ??1Bitmap@Gdiplus@@UEAA@XZ 000000014000dee0 f i GigeCameraDemoDlg.obj
 0001:0000cf00       ??1Image@Gdiplus@@UEAA@XZ  000000014000df00 f i GigeCameraDemoDlg.obj
 0001:0000cf40       ??_GImage@Gdiplus@@UEAAPEAXI@Z 000000014000df40 f i GigeCameraDemoDlg.obj
 0001:0000cf40       ??_EImage@Gdiplus@@UEAAPEAXI@Z 000000014000df40 f i GigeCameraDemoDlg.obj
 0001:0000cf90       ??3GdiplusBase@Gdiplus@@SAXPEAX@Z 000000014000df90 f i GigeCameraDemoDlg.obj
 0001:0000cfb0       ?Clone@Image@Gdiplus@@UEAAPEAV12@XZ 000000014000dfb0 f i GigeCameraDemoDlg.obj
 0001:0000d060       ??2GdiplusBase@Gdiplus@@SAPEAX_K@Z 000000014000e060 f i GigeCameraDemoDlg.obj
 0001:0000d080       ?SetStatus@Image@Gdiplus@@IEBA?AW4Status@2@W432@@Z 000000014000e080 f i GigeCameraDemoDlg.obj
 0001:0000d0c0       ??0Image@Gdiplus@@IEAA@PEAVGpImage@1@W4Status@1@@Z 000000014000e0c0 f i GigeCameraDemoDlg.obj
 0001:0000d120       ?SetNativeImage@Image@Gdiplus@@IEAAXPEAVGpImage@2@@Z 000000014000e120 f i GigeCameraDemoDlg.obj
 0001:0000d140       ??0Bitmap@Gdiplus@@QEAA@PEAUIStream@@H@Z 000000014000e140 f i GigeCameraDemoDlg.obj
 0001:0000d200       ??0Image@Gdiplus@@IEAA@XZ  000000014000e200 f i GigeCameraDemoDlg.obj
 0001:0000d220       ??_GBitmap@Gdiplus@@UEAAPEAXI@Z 000000014000e220 f i GigeCameraDemoDlg.obj
 0001:0000d220       ??_EBitmap@Gdiplus@@UEAAPEAXI@Z 000000014000e220 f i GigeCameraDemoDlg.obj
 0001:0000d270       ?CreateFromGdiplusBitmap@CImage@ATL@@AEAAJAEAVBitmap@Gdiplus@@@Z 000000014000e270 f i GigeCameraDemoDlg.obj
 0001:0000d970       ?_AtlVerifyStackAvailable@_ATL_SAFE_ALLOCA_IMPL@ATL@@YA_N_K@Z 000000014000e970 f i GigeCameraDemoDlg.obj
 0001:0000da80       ?memcpy_s@Checked@ATL@@YAXPEAX_KPEBX1@Z 000000014000ea80 f i GigeCameraDemoDlg.obj
 0001:0000dad0       ?AfxCrtErrorCheck@@YAHH@Z  000000014000ead0 f i GigeCameraDemoDlg.obj
 0001:0000db40       ??0Rect@Gdiplus@@QEAA@HHHH@Z 000000014000eb40 f i GigeCameraDemoDlg.obj
 0001:0000dba0       ?GetPixelFormatSize@Gdiplus@@YAIH@Z 000000014000eba0 f i GigeCameraDemoDlg.obj
 0001:0000dbc0       ?IsIndexedPixelFormat@Gdiplus@@YAHH@Z 000000014000ebc0 f i GigeCameraDemoDlg.obj
 0001:0000dc00       ?IsAlphaPixelFormat@Gdiplus@@YAHH@Z 000000014000ec00 f i GigeCameraDemoDlg.obj
 0001:0000dc40       ??0Graphics@Gdiplus@@QEAA@PEAVImage@1@@Z 000000014000ec40 f i GigeCameraDemoDlg.obj
 0001:0000dcb0       ??1Graphics@Gdiplus@@QEAA@XZ 000000014000ecb0 f i GigeCameraDemoDlg.obj
 0001:0000dce0       ?DrawImage@Graphics@Gdiplus@@QEAA?AW4Status@2@PEAVImage@2@HH@Z 000000014000ece0 f i GigeCameraDemoDlg.obj
 0001:0000dd60       ?SetNativeGraphics@Graphics@Gdiplus@@IEAAXPEAVGpGraphics@2@@Z 000000014000ed60 f i GigeCameraDemoDlg.obj
 0001:0000dd80       ?SetStatus@Graphics@Gdiplus@@IEBA?AW4Status@2@W432@@Z 000000014000ed80 f i GigeCameraDemoDlg.obj
 0001:0000ddc0       ?GetWidth@Image@Gdiplus@@QEAAIXZ 000000014000edc0 f i GigeCameraDemoDlg.obj
 0001:0000de10       ?GetHeight@Image@Gdiplus@@QEAAIXZ 000000014000ee10 f i GigeCameraDemoDlg.obj
 0001:0000de60       ?GetPixelFormat@Image@Gdiplus@@QEAAHXZ 000000014000ee60 f i GigeCameraDemoDlg.obj
 0001:0000dea0       ?GetPaletteSize@Image@Gdiplus@@QEAAHXZ 000000014000eea0 f i GigeCameraDemoDlg.obj
 0001:0000def0       ?GetPalette@Image@Gdiplus@@QEAA?AW4Status@2@PEAUColorPalette@2@H@Z 000000014000eef0 f i GigeCameraDemoDlg.obj
 0001:0000df40       ??0Bitmap@Gdiplus@@QEAA@HHHHPEAE@Z 000000014000ef40 f i GigeCameraDemoDlg.obj
 0001:0000e000       ?LockBits@Bitmap@Gdiplus@@QEAA?AW4Status@2@PEBVRect@2@IHPEAVBitmapData@2@@Z 000000014000f000 f i GigeCameraDemoDlg.obj
 0001:0000e070       ?UnlockBits@Bitmap@Gdiplus@@QEAA?AW4Status@2@PEAVBitmapData@2@@Z 000000014000f070 f i GigeCameraDemoDlg.obj
 0001:0000e0b0       ?Create@CImage@ATL@@QEAAHHHHK@Z 000000014000f0b0 f i GigeCameraDemoDlg.obj
 0001:0000e110       ?CreateEx@CImage@ATL@@QEAAHHHHKPEBKK@Z 000000014000f110 f i GigeCameraDemoDlg.obj
 0001:0000e4b0       ?Attach@CImage@ATL@@QEAAXPEAUHBITMAP__@@W4DIBOrientation@12@@Z 000000014000f4b0 f i GigeCameraDemoDlg.obj
 0001:0000e590       ?GetBits@CImage@ATL@@QEAAPEAXXZ 000000014000f590 f i GigeCameraDemoDlg.obj
 0001:0000e660       ?GetHeight@CImage@ATL@@QEBAHXZ 000000014000f660 f i GigeCameraDemoDlg.obj
 0001:0000e6e0       ?GetPitch@CImage@ATL@@QEBAHXZ 000000014000f6e0 f i GigeCameraDemoDlg.obj
 0001:0000e7b0       ?GetWidth@CImage@ATL@@QEBAHXZ 000000014000f7b0 f i GigeCameraDemoDlg.obj
 0001:0000e830       ?IsDIBSection@CImage@ATL@@QEBA_NXZ 000000014000f830 f i GigeCameraDemoDlg.obj
 0001:0000e850       ?SetColorTable@CImage@ATL@@QEAAXIIPEBUtagRGBQUAD@@@Z 000000014000f850 f i GigeCameraDemoDlg.obj
 0001:0000e9b0       ?GetDC@CImage@ATL@@QEBAPEAUHDC__@@XZ 000000014000f9b0 f i GigeCameraDemoDlg.obj
 0001:0000ea90       ?GetDC@CDCCache@CImage@ATL@@QEAAPEAUHDC__@@XZ 000000014000fa90 f i GigeCameraDemoDlg.obj
 0001:0000eb10       ?IsIndexed@CImage@ATL@@QEBA_NXZ 000000014000fb10 f i GigeCameraDemoDlg.obj
 0001:0000ec00       ?ReleaseDC@CImage@ATL@@QEBAXXZ 000000014000fc00 f i GigeCameraDemoDlg.obj
 0001:0000ed30       ?ReleaseDC@CDCCache@CImage@ATL@@QEAAXPEAUHDC__@@@Z 000000014000fd30 f i GigeCameraDemoDlg.obj
 0001:0000edd0       ?UpdateBitmapInfo@CImage@ATL@@AEAAXW4DIBOrientation@12@@Z 000000014000fdd0 f i GigeCameraDemoDlg.obj
 0001:0000f080       ?abs@@YAJJ@Z               0000000140010080 f i GigeCameraDemoDlg.obj
 0001:0000f0a0       ?ComputePitch@CImage@ATL@@CAHHH@Z 00000001400100a0 f i GigeCameraDemoDlg.obj
 0001:0000f0d0       ?InitGDIPlus@CImage@ATL@@CA_NXZ 00000001400100d0 f i GigeCameraDemoDlg.obj
 0001:0000f100       ?Init@CInitGDIPlus@CImage@ATL@@QEAA_NXZ 0000000140010100 f i GigeCameraDemoDlg.obj
 0001:0000f1b0       ??0GdiplusStartupInput@Gdiplus@@QEAA@P6AXW4DebugEventLevel@1@PEAD@ZHH@Z 00000001400101b0 f i GigeCameraDemoDlg.obj
 0001:0000f210       ??0?$CAtlSafeAllocBufferManager@VCCRTAllocator@ATL@@@_ATL_SAFE_ALLOCA_IMPL@ATL@@QEAA@XZ 0000000140010210 f i GigeCameraDemoDlg.obj
 0001:0000f230       ?Allocate@?$CAtlSafeAllocBufferManager@VCCRTAllocator@ATL@@@_ATL_SAFE_ALLOCA_IMPL@ATL@@QEAAPEAX_K@Z 0000000140010230 f i GigeCameraDemoDlg.obj
 0001:0000f2b0       ?Allocate@CCRTAllocator@ATL@@SAPEAX_K@Z 00000001400102b0 f i GigeCameraDemoDlg.obj
 0001:0000f2d0       ??1?$CAtlSafeAllocBufferManager@VCCRTAllocator@ATL@@@_ATL_SAFE_ALLOCA_IMPL@ATL@@QEAA@XZ 00000001400102d0 f i GigeCameraDemoDlg.obj
 0001:0000f330       ?Free@CCRTAllocator@ATL@@SAXPEAX@Z 0000000140010330 f i GigeCameraDemoDlg.obj
 0001:0000f350       ??HATL@@YA?AV?$CStringT@DV?$StrTraitMFC_DLL@DV?$ChTraitsCRT@D@ATL@@@@@0@AEBV10@PEBD@Z 0000000140010350 f i GigeCameraDemoDlg.obj
 0001:0000f440       ??HATL@@YA?AV?$CStringT@DV?$StrTraitMFC_DLL@DV?$ChTraitsCRT@D@ATL@@@@@0@PEBDAEBV10@@Z 0000000140010440 f i GigeCameraDemoDlg.obj
 0001:0000f540       ?GetData@CAtlSafeAllocBufferNode@?$CAtlSafeAllocBufferManager@VCCRTAllocator@ATL@@@_ATL_SAFE_ALLOCA_IMPL@ATL@@QEAAPEAXXZ 0000000140010540 f i GigeCameraDemoDlg.obj
 0001:0000f560       ??$AtlAdd@_K@ATL@@YAJPEA_K_K1@Z 0000000140010560 f i GigeCameraDemoDlg.obj
 0001:0000f5d0       HRESULT_FROM_WIN32         00000001400105d0 f i GigeCameraDemoDlg.obj
 0001:0000f620       ??$AtlAlignUp@I@ATL@@YAIIK@Z 0000000140010620 f i GigeCameraDemoDlg.obj
 0001:0000f650       ??$sprintf_s@$0EAA@@@YAHAEAY0EAA@DPEBDZZ 0000000140010650 f i GigeCameraDemoDlg.obj
 0001:0000f6b0       ??$sprintf_s@$09@@YAHAEAY09DPEBDZZ 00000001400106b0 f i GigeCameraDemoDlg.obj
 0001:0000f710       ??$strcpy_s@$0IA@@@YAHAEAY0IA@DPEBD@Z 0000000140010710 f i GigeCameraDemoDlg.obj
 0001:0000f750       ??$sprintf_s@$0CAA@@@YAHAEAY0CAA@DPEBDZZ 0000000140010750 f i GigeCameraDemoDlg.obj
 0001:0000f7b0       ??$AtlAddThrow@_K@ATL@@YA_K_K0@Z 00000001400107b0 f i GigeCameraDemoDlg.obj
 0001:0000f800       ?AtlThrowImpl@ATL@@YAXJ@Z  0000000140010800 f i GigeCameraDemoDlg.obj
 0001:0000f890       ??0CTraceFileAndLineInfo@ATL@@QEAA@PEBDH@Z 0000000140010890 f i GigeCameraDemoDlg.obj
 0001:0000f8d0       ??RCTraceFileAndLineInfo@ATL@@QEBAX_KIPEBDZZ 00000001400108d0 f i GigeCameraDemoDlg.obj
 0001:0000f960       ?TraceV@CTrace@ATL@@QEBAXPEBDH_KI0PEAD@Z 0000000140010960 f i GigeCameraDemoDlg.obj
 0001:0000f9d0       ??BCTraceCategory@ATL@@QEBA_KXZ 00000001400109d0 f i GigeCameraDemoDlg.obj
 0001:0000f9f0       ?_GetBaseClass@CInputDialog@@KAPEAUCRuntimeClass@@XZ 00000001400109f0 f   InputDialog.obj
 0001:0000fa10       ?GetThisClass@CInputDialog@@SAPEAUCRuntimeClass@@XZ 0000000140010a10 f   InputDialog.obj
 0001:0000fa20       ?GetRuntimeClass@CInputDialog@@UEBAPEAUCRuntimeClass@@XZ 0000000140010a20 f   InputDialog.obj
 0001:0000fa40       ??0CInputDialog@@QEAA@PEAVCWnd@@@Z 0000000140010a40 f   InputDialog.obj
 0001:0000fa90       ??1CInputDialog@@UEAA@XZ   0000000140010a90 f   InputDialog.obj
 0001:0000fac0       ?DoDataExchange@CInputDialog@@MEAAXPEAVCDataExchange@@@Z 0000000140010ac0 f   InputDialog.obj
 0001:0000fb10       ?GetMessageMap@CInputDialog@@MEBAPEBUAFX_MSGMAP@@XZ 0000000140010b10 f   InputDialog.obj
 0001:0000fb30       ?GetThisMessageMap@CInputDialog@@KAPEBUAFX_MSGMAP@@XZ 0000000140010b30 f   InputDialog.obj
 0001:0000fb40       ?OnBnClickedOk@CInputDialog@@QEAAXXZ 0000000140010b40 f   InputDialog.obj
 0001:0000fbd0       ??_GCInputDialog@@UEAAPEAXI@Z 0000000140010bd0 f i InputDialog.obj
 0001:0000fbd0       ??_ECInputDialog@@UEAAPEAXI@Z 0000000140010bd0 f i InputDialog.obj
 0001:0000fc20       ?_GetBaseClass@CMessageDialog@@KAPEAUCRuntimeClass@@XZ 0000000140010c20 f   MessageDialog.obj
 0001:0000fc40       ?GetThisClass@CMessageDialog@@SAPEAUCRuntimeClass@@XZ 0000000140010c40 f   MessageDialog.obj
 0001:0000fc50       ?GetRuntimeClass@CMessageDialog@@UEBAPEAUCRuntimeClass@@XZ 0000000140010c50 f   MessageDialog.obj
 0001:0000fc70       ??0CMessageDialog@@QEAA@PEAVCWnd@@@Z 0000000140010c70 f   MessageDialog.obj
 0001:0000fce0       ??1CMessageDialog@@UEAA@XZ 0000000140010ce0 f   MessageDialog.obj
 0001:0000fd30       ?DoDataExchange@CMessageDialog@@MEAAXPEAVCDataExchange@@@Z 0000000140010d30 f   MessageDialog.obj
 0001:0000fd60       ?GetMessageMap@CMessageDialog@@MEBAPEBUAFX_MSGMAP@@XZ 0000000140010d60 f   MessageDialog.obj
 0001:0000fd80       ?GetThisMessageMap@CMessageDialog@@KAPEBUAFX_MSGMAP@@XZ 0000000140010d80 f   MessageDialog.obj
 0001:0000fd90       ?Response@CMessageDialog@@QEAA_J_K_J@Z 0000000140010d90 f   MessageDialog.obj
 0001:0000fe70       ?OnCtlColor@CMessageDialog@@QEAAPEAUHBRUSH__@@PEAVCDC@@PEAVCWnd@@I@Z 0000000140010e70 f   MessageDialog.obj
 0001:00010040       ?OnEraseBkgnd@CMessageDialog@@QEAAHPEAVCDC@@@Z 0000000140011040 f   MessageDialog.obj
 0001:00010140       ?OnCreate@CMessageDialog@@QEAAHPEAUtagCREATESTRUCTA@@@Z 0000000140011140 f   MessageDialog.obj
 0001:000101c0       ?OnClose@CMessageDialog@@QEAAXXZ 00000001400111c0 f   MessageDialog.obj
 0001:00010200       ?OnPaint@CMessageDialog@@QEAAXXZ 0000000140011200 f   MessageDialog.obj
 0001:00010260       ?OnBnClickedOk@CMessageDialog@@QEAAXXZ 0000000140011260 f   MessageDialog.obj
 0001:00010280       ?OnInitDialog@CMessageDialog@@UEAAHXZ 0000000140011280 f   MessageDialog.obj
 0001:000102b0       ?OnTimer@CMessageDialog@@QEAAX_K@Z 00000001400112b0 f   MessageDialog.obj
 0001:000102e0       ?OnLButtonUp@CMessageDialog@@QEAAXIVCPoint@@@Z 00000001400112e0 f   MessageDialog.obj
 0001:000104d0       ??_ECMessageDialog@@UEAAPEAXI@Z 00000001400114d0 f i MessageDialog.obj
 0001:000104d0       ??_GCMessageDialog@@UEAAPEAXI@Z 00000001400114d0 f i MessageDialog.obj
 0001:00010520       ??0CSerialPort@@QEAA@XZ    0000000140011520 f   SerialPort.obj
 0001:000105c0       ??1CSerialPort@@UEAA@XZ    00000001400115c0 f   SerialPort.obj
 0001:00010640       ?InitPort@CSerialPort@@QEAAHPEAVCWnd@@IIDIIKI@Z 0000000140011640 f   SerialPort.obj
 0001:00010c90       ?CommThread@CSerialPort@@KAIPEAX@Z 0000000140011c90 f   SerialPort.obj
 0001:00010fa0       ?StartMonitoring@CSerialPort@@QEAAHXZ 0000000140011fa0 f   SerialPort.obj
 0001:00011030       ?RestartMonitoring@CSerialPort@@QEAAHXZ 0000000140012030 f   SerialPort.obj
 0001:00011080       ?StopMonitoring@CSerialPort@@QEAAHXZ 0000000140012080 f   SerialPort.obj
 0001:000110d0       ?ProcessErrorMessage@CSerialPort@@IEAAXPEAD@Z 00000001400120d0 f   SerialPort.obj
 0001:000111a0       ?WriteChar@CSerialPort@@KAXPEAV1@H@Z 00000001400121a0 f   SerialPort.obj
 0001:000113d0       ?ReceiveChar@CSerialPort@@KAXPEAV1@U_COMSTAT@@@Z 00000001400123d0 f   SerialPort.obj
 0001:000115a0       ?WriteToPort@CSerialPort@@QEAAXPEAD@Z 00000001400125a0 f   SerialPort.obj
 0001:00011620       ?WriteToPort@CSerialPort@@QEAAXPEADH@Z 0000000140012620 f   SerialPort.obj
 0001:000116e0       ?GetDCB@CSerialPort@@QEAA?AU_DCB@@XZ 00000001400126e0 f   SerialPort.obj
 0001:00011730       ?GetCommEvents@CSerialPort@@QEAAKXZ 0000000140012730 f   SerialPort.obj
 0001:00011750       ?GetWriteBufferSize@CSerialPort@@QEAAKXZ 0000000140012750 f   SerialPort.obj
 0001:00011770       ?GetPortNO@CSerialPort@@QEAAHXZ 0000000140012770 f   SerialPort.obj
 0001:00011c20       ??_GCSerialPort@@UEAAPEAXI@Z 0000000140012c20 f i SerialPort.obj
 0001:00011c20       ??_ECSerialPort@@UEAAPEAXI@Z 0000000140012c20 f i SerialPort.obj
 0001:00011c70       ??RCTraceFileAndLineInfo@ATL@@QEBAXPEBDZZ 0000000140012c70 f i SerialPort.obj
 0001:00011d10       ?_GetBaseClass@CSplashWnd@@KAPEAUCRuntimeClass@@XZ 0000000140012d10 f   SplashWnd.obj
 0001:00011d30       ?GetThisClass@CSplashWnd@@SAPEAUCRuntimeClass@@XZ 0000000140012d30 f   SplashWnd.obj
 0001:00011d40       ?GetRuntimeClass@CSplashWnd@@UEBAPEAUCRuntimeClass@@XZ 0000000140012d40 f   SplashWnd.obj
 0001:00011d60       ??0CSplashWnd@@QEAA@XZ     0000000140012d60 f   SplashWnd.obj
 0001:00011e70       ??1CSplashWnd@@UEAA@XZ     0000000140012e70 f   SplashWnd.obj
 0001:00011f20       ?GetMessageMap@CSplashWnd@@MEBAPEBUAFX_MSGMAP@@XZ 0000000140012f20 f   SplashWnd.obj
 0001:00011f40       ?GetThisMessageMap@CSplashWnd@@KAPEBUAFX_MSGMAP@@XZ 0000000140012f40 f   SplashWnd.obj
 0001:00011f50       ?DeleteSplash@CSplashWnd@@QEAAXXZ 0000000140012f50 f   SplashWnd.obj
 0001:00011f70       ?CreateSplash@CSplashWnd@@QEAAXXZ 0000000140012f70 f   SplashWnd.obj
 0001:00012070       ?OnPaint@CSplashWnd@@IEAAXXZ 0000000140013070 f   SplashWnd.obj
 0001:00012270       ?ImageFrom_IDResource@CSplashWnd@@QEAAXIPEBDPEAVCImage@ATL@@@Z 0000000140013270 f   SplashWnd.obj
 0001:00012370       ?SetInfo@CSplashWnd@@QEAAXV?$CStringT@DV?$StrTraitMFC_DLL@DV?$ChTraitsCRT@D@ATL@@@@@ATL@@@Z 0000000140013370 f   SplashWnd.obj
 0001:000123c0       ?On_Timer@@YAKPEAX@Z       00000001400133c0 f   SplashWnd.obj
 0001:00012cd0       ?OnNcDestroy@CSplashWnd@@QEAAXXZ 0000000140013cd0 f   SplashWnd.obj
 0001:00012d00       ?HideCursor@CSplashWnd@@QEAAXXZ 0000000140013d00 f   SplashWnd.obj
 0001:00013140       ??0CImage@ATL@@QEAA@XZ     0000000140014140 f i SplashWnd.obj
 0001:00013240       ?IncreaseCImageCount@CInitGDIPlus@CImage@ATL@@QEAAXXZ 0000000140014240 f i SplashWnd.obj
 0001:000132a0       ??_GCImage@ATL@@UEAAPEAXI@Z 00000001400142a0 f i SplashWnd.obj
 0001:000132a0       ??_ECImage@ATL@@UEAAPEAXI@Z 00000001400142a0 f i SplashWnd.obj
 0001:000132f0       ??1CImage@ATL@@UEAA@XZ     00000001400142f0 f i SplashWnd.obj
 0001:00013330       ?DecreaseCImageCount@CInitGDIPlus@CImage@ATL@@QEAAXXZ 0000000140014330 f i SplashWnd.obj
 0001:000133b0       ?ReleaseGDIPlus@CInitGDIPlus@CImage@ATL@@QEAAXXZ 00000001400143b0 f i SplashWnd.obj
 0001:00013420       ?Destroy@CImage@ATL@@QEAAXXZ 0000000140014420 f i SplashWnd.obj
 0001:00013470       ?Detach@CImage@ATL@@QEAAPEAUHBITMAP__@@XZ 0000000140014470 f i SplashWnd.obj
 0001:000135e0       ??_ECSplashWnd@@UEAAPEAXI@Z 00000001400145e0 f i SplashWnd.obj
 0001:000135e0       ??_GCSplashWnd@@UEAAPEAXI@Z 00000001400145e0 f i SplashWnd.obj
 0001:00013630       ?Draw@CImage@ATL@@QEBAHPEAUHDC__@@AEBUtagRECT@@@Z 0000000140014630 f i SplashWnd.obj
 0001:000136e0       ?Draw@CImage@ATL@@QEBAHPEAUHDC__@@HHHHHHHH@Z 00000001400146e0 f i SplashWnd.obj
 0001:00013b90       ?IsTransparencySupported@CImage@ATL@@SAHXZ 0000000140014b90 f i SplashWnd.obj
 0001:00013ba0       ?GetTransparentRGB@CImage@ATL@@AEBAKXZ 0000000140014ba0 f i SplashWnd.obj
 0001:00013cd6       ??1SapAcquisition@@UEAA@XZ 0000000140014cd6 f   SapClassBasic:SapClassBasic82.dll
 0001:00013cdc       ??0SapAcquisition@@QEAA@VSapLocation@@@Z 0000000140014cdc f   SapClassBasic:SapClassBasic82.dll
 0001:00013ce2       ??0SapLocation@@QEAA@HH@Z  0000000140014ce2 f   SapClassBasic:SapClassBasic82.dll
 0001:00013ce8       ?GetEventCount@SapXferCallbackInfo@@QEBAHXZ 0000000140014ce8 f   SapClassBasic:SapClassBasic82.dll
 0001:00013cee       ?GetHeight@SapBuffer@@QEBAHXZ 0000000140014cee f   SapClassBasic:SapClassBasic82.dll
 0001:00013cf4       ?GetWidth@SapBuffer@@QEBAHXZ 0000000140014cf4 f   SapClassBasic:SapClassBasic82.dll
 0001:00013cfa       ?GetContext@SapXferCallbackInfo@@QEBAPEAXXZ 0000000140014cfa f   SapClassBasic:SapClassBasic82.dll
 0001:00013d00       ??0SapView@@QEAA@PEAVSapBuffer@@PEAUHWND__@@P6AXPEAVSapViewCallbackInfo@@@ZPEAX@Z 0000000140014d00 f   SapClassBasic:SapClassBasic82.dll
 0001:00013d06       ??0SapAcqDeviceToBuf@@QEAA@PEAVSapAcqDevice@@PEAVSapBuffer@@P6AXPEAVSapXferCallbackInfo@@@ZPEAX@Z 0000000140014d06 f   SapClassBasic:SapClassBasic82.dll
 0001:00013d0c       ??0SapBufferWithTrash@@QEAA@HPEAVSapXferNode@@HVSapLocation@@@Z 0000000140014d0c f   SapClassBasic:SapClassBasic82.dll
 0001:00013d12       ??0SapAcqDevice@@QEAA@VSapLocation@@PEBD@Z 0000000140014d12 f   SapClassBasic:SapClassBasic82.dll
 0001:00013d18       ?GetServerSerialNumber@SapManager@@SAHHPEAD@Z 0000000140014d18 f   SapClassBasic:SapClassBasic82.dll
 0001:00013d1e       ?GetResourceCount@SapManager@@SAHHH@Z 0000000140014d1e f   SapClassBasic:SapClassBasic82.dll
 0001:00013d24       ?DetectAllServers@SapManager@@SAHH@Z 0000000140014d24 f   SapClassBasic:SapClassBasic82.dll
 0001:00013d2a       ?GetServerCount@SapManager@@SAHXZ 0000000140014d2a f   SapClassBasic:SapClassBasic82.dll
 0001:00013d30       ?Create@SapAcqDevice@@UEAAHXZ 0000000140014d30 f   SapClassBasic:SapClassBasic82.dll
 0001:00013d36       ?Destroy@SapAcqDevice@@UEAAHXZ 0000000140014d36 f   SapClassBasic:SapClassBasic82.dll
 0001:00013d3c       ?GetXferParams@SapXferNode@@UEBA?AVSapXferParams@@H@Z 0000000140014d3c f   SapClassBasic:SapClassBasic82.dll
 0001:00013d42       ?GetInputXferParams@SapXferNode@@UEBA?AVSapXferParams@@H@Z 0000000140014d42 f   SapClassBasic:SapClassBasic82.dll
 0001:00013d48       ?GetOutputXferParams@SapXferNode@@UEBA?AVSapXferParams@@H@Z 0000000140014d48 f   SapClassBasic:SapClassBasic82.dll
 0001:00013d4e       ?SetSrcNode@SapXferNode@@UEAAHPEAV1@H@Z 0000000140014d4e f   SapClassBasic:SapClassBasic82.dll
 0001:00013d54       ?SetXferParams@SapXferNode@@UEAAHVSapXferParams@@H@Z 0000000140014d54 f   SapClassBasic:SapClassBasic82.dll
 0001:00013d5a       ?SetInputXferParams@SapXferNode@@UEAAHVSapXferParams@@H@Z 0000000140014d5a f   SapClassBasic:SapClassBasic82.dll
 0001:00013d60       ?SetOutputXferParams@SapXferNode@@UEAAHVSapXferParams@@H@Z 0000000140014d60 f   SapClassBasic:SapClassBasic82.dll
 0001:00013d66       ?GetHandle@SapXferNode@@UEBAPEAU__CORHANDLE@@H@Z 0000000140014d66 f   SapClassBasic:SapClassBasic82.dll
 0001:00013d6c       ?GetHandle@SapXferNode@@UEBAPEAU__CORHANDLE@@XZ 0000000140014d6c f   SapClassBasic:SapClassBasic82.dll
 0001:00013d72       ?GetXferParamsFromSrcNode@SapXferNode@@UEAAXXZ 0000000140014d72 f   SapClassBasic:SapClassBasic82.dll
 0001:00013d78       ?GetXferNodeType@SapAcqDevice@@UEAA?AW4XferNodeType@SapXferNode@@XZ 0000000140014d78 f   SapClassBasic:SapClassBasic82.dll
 0001:00013d7e       ?IsBuffer@SapXferNode@@UEAAHXZ 0000000140014d7e f   SapClassBasic:SapClassBasic82.dll
 0001:00013d84       ??ASapXferNode@@UEBAPEAU__CORHANDLE@@H@Z 0000000140014d84 f   SapClassBasic:SapClassBasic82.dll
 0001:00013d8a       ?GetCount@SapXferNode@@UEBAHXZ 0000000140014d8a f   SapClassBasic:SapClassBasic82.dll
 0001:00013d90       ?GetIndex@SapXferNode@@UEBAHXZ 0000000140014d90 f   SapClassBasic:SapClassBasic82.dll
 0001:00013d96       ?SetIndex@SapXferNode@@UEAAHH@Z 0000000140014d96 f   SapClassBasic:SapClassBasic82.dll
 0001:00013d9c       ?ResetIndex@SapXferNode@@UEAAXXZ 0000000140014d9c f   SapClassBasic:SapClassBasic82.dll
 0001:00013da2       ?Next@SapXferNode@@UEAAXXZ 0000000140014da2 f   SapClassBasic:SapClassBasic82.dll
 0001:00013da8       ?GetTrash@SapXferNode@@UEBAPEAU__CORHANDLE@@XZ 0000000140014da8 f   SapClassBasic:SapClassBasic82.dll
 0001:00013dae       ?Empty@SapXferNode@@UEAAHH@Z 0000000140014dae f   SapClassBasic:SapClassBasic82.dll
 0001:00013db4       ?Empty@SapXferNode@@UEAAHXZ 0000000140014db4 f   SapClassBasic:SapClassBasic82.dll
 0001:00013dba       ?EmptyAll@SapXferNode@@UEAAHXZ 0000000140014dba f   SapClassBasic:SapClassBasic82.dll
 0001:00013dc0       ?Create@SapBufferWithTrash@@UEAAHXZ 0000000140014dc0 f   SapClassBasic:SapClassBasic82.dll
 0001:00013dc6       ?Destroy@SapBufferWithTrash@@UEAAHXZ 0000000140014dc6 f   SapClassBasic:SapClassBasic82.dll
 0001:00013dcc       ?GetHandle@SapBuffer@@UEBAPEAU__CORHANDLE@@H@Z 0000000140014dcc f   SapClassBasic:SapClassBasic82.dll
 0001:00013dd2       ?GetHandle@SapBuffer@@UEBAPEAU__CORHANDLE@@XZ 0000000140014dd2 f   SapClassBasic:SapClassBasic82.dll
 0001:00013dd8       ?GetXferNodeType@SapBuffer@@UEAA?AW4XferNodeType@SapXferNode@@XZ 0000000140014dd8 f   SapClassBasic:SapClassBasic82.dll
 0001:00013dde       ??ASapBuffer@@UEBAPEAU__CORHANDLE@@H@Z 0000000140014dde f   SapClassBasic:SapClassBasic82.dll
 0001:00013de4       ?GetCount@SapBuffer@@UEBAHXZ 0000000140014de4 f   SapClassBasic:SapClassBasic82.dll
 0001:00013dea       ?GetIndex@SapBuffer@@UEBAHXZ 0000000140014dea f   SapClassBasic:SapClassBasic82.dll
 0001:00013df0       ?SetIndex@SapBuffer@@UEAAHH@Z 0000000140014df0 f   SapClassBasic:SapClassBasic82.dll
 0001:00013df6       ?ResetIndex@SapBuffer@@UEAAXXZ 0000000140014df6 f   SapClassBasic:SapClassBasic82.dll
 0001:00013dfc       ?Next@SapBuffer@@UEAAXXZ   0000000140014dfc f   SapClassBasic:SapClassBasic82.dll
 0001:00013e02       ?GetTrash@SapBufferWithTrash@@UEBAPEAU__CORHANDLE@@XZ 0000000140014e02 f   SapClassBasic:SapClassBasic82.dll
 0001:00013e08       ?Empty@SapBuffer@@UEAAHH@Z 0000000140014e08 f   SapClassBasic:SapClassBasic82.dll
 0001:00013e0e       ?Empty@SapBuffer@@UEAAHXZ  0000000140014e0e f   SapClassBasic:SapClassBasic82.dll
 0001:00013e14       ?EmptyAll@SapBuffer@@UEAAHXZ 0000000140014e14 f   SapClassBasic:SapClassBasic82.dll
 0001:00013e1a       ?SetCount@SapBuffer@@UEAAHH@Z 0000000140014e1a f   SapClassBasic:SapClassBasic82.dll
 0001:00013e20       ?SetWidth@SapBuffer@@UEAAHH@Z 0000000140014e20 f   SapClassBasic:SapClassBasic82.dll
 0001:00013e26       ?SetHeight@SapBuffer@@UEAAHH@Z 0000000140014e26 f   SapClassBasic:SapClassBasic82.dll
 0001:00013e2c       ?SetFormat@SapBuffer@@UEAAHH@Z 0000000140014e2c f   SapClassBasic:SapClassBasic82.dll
 0001:00013e32       ?SetType@SapBuffer@@UEAAHH@Z 0000000140014e32 f   SapClassBasic:SapClassBasic82.dll
 0001:00013e38       ?SetPixelDepth@SapBuffer@@UEAAHH@Z 0000000140014e38 f   SapClassBasic:SapClassBasic82.dll
 0001:00013e3e       ?SetVirtualAddress@SapBuffer@@UEAAHQEAPEAX@Z 0000000140014e3e f   SapClassBasic:SapClassBasic82.dll
 0001:00013e44       ?SetPhysicalAddress@SapBuffer@@UEAAHQEA_K@Z 0000000140014e44 f   SapClassBasic:SapClassBasic82.dll
 0001:00013e4a       ?SetParameters@SapBuffer@@UEAAHHQEA_KHHHH@Z 0000000140014e4a f   SapClassBasic:SapClassBasic82.dll
 0001:00013e50       ?SetParameters@SapBuffer@@UEAAHHQEAPEAXHHHH@Z 0000000140014e50 f   SapClassBasic:SapClassBasic82.dll
 0001:00013e56       ?SetParameters@SapBuffer@@UEAAHHHHHH@Z 0000000140014e56 f   SapClassBasic:SapClassBasic82.dll
 0001:00013e5c       ?SetParametersFromFile@SapBuffer@@UEAAHPEBDH@Z 0000000140014e5c f   SapClassBasic:SapClassBasic82.dll
 0001:00013e62       ?SetFrameRate@SapBuffer@@UEAAXM@Z 0000000140014e62 f   SapClassBasic:SapClassBasic82.dll
 0001:00013e68       ?GetAddress@SapBuffer@@UEAAHH_K0PEAXPEAPEAX@Z 0000000140014e68 f   SapClassBasic:SapClassBasic82.dll
 0001:00013e6e       ?GetAddress@SapBuffer@@UEAAHH_K0PEAPEAX@Z 0000000140014e6e f   SapClassBasic:SapClassBasic82.dll
 0001:00013e74       ?GetAddress@SapBuffer@@UEAAH_K0PEAXPEAPEAX@Z 0000000140014e74 f   SapClassBasic:SapClassBasic82.dll
 0001:00013e7a       ?GetAddress@SapBuffer@@UEAAH_K0PEAPEAX@Z 0000000140014e7a f   SapClassBasic:SapClassBasic82.dll
 0001:00013e80       ?GetAddress@SapBuffer@@UEAAHHPEAXPEAPEAX@Z 0000000140014e80 f   SapClassBasic:SapClassBasic82.dll
 0001:00013e86       ?GetAddress@SapBuffer@@UEAAHHPEAPEAX@Z 0000000140014e86 f   SapClassBasic:SapClassBasic82.dll
 0001:00013e8c       ?GetAddress@SapBuffer@@UEAAHPEAXPEAPEAX@Z 0000000140014e8c f   SapClassBasic:SapClassBasic82.dll
 0001:00013e92       ?GetAddress@SapBuffer@@UEAAHPEAPEAX@Z 0000000140014e92 f   SapClassBasic:SapClassBasic82.dll
 0001:00013e98       ?ReleaseAddress@SapBuffer@@UEAAHHPEAX@Z 0000000140014e98 f   SapClassBasic:SapClassBasic82.dll
 0001:00013e9e       ?ReleaseAddress@SapBuffer@@UEAAHPEAX@Z 0000000140014e9e f   SapClassBasic:SapClassBasic82.dll
 0001:00013ea4       ?IsMapped@SapBuffer@@UEAAHXZ 0000000140014ea4 f   SapClassBasic:SapClassBasic82.dll
 0001:00013eaa       ?IsMapped@SapBuffer@@UEAAHH@Z 0000000140014eaa f   SapClassBasic:SapClassBasic82.dll
 0001:00013eb0       ?GetCounterStamp@SapBuffer@@UEAAHHPEAH@Z 0000000140014eb0 f   SapClassBasic:SapClassBasic82.dll
 0001:00013eb6       ?GetCounterStamp@SapBuffer@@UEAAHPEAH@Z 0000000140014eb6 f   SapClassBasic:SapClassBasic82.dll
 0001:00013ebc       ?GetHostCounterStamp@SapBuffer@@UEAAHHPEA_K@Z 0000000140014ebc f   SapClassBasic:SapClassBasic82.dll
 0001:00013ec2       ?GetHostCounterStamp@SapBuffer@@UEAAHPEA_K@Z 0000000140014ec2 f   SapClassBasic:SapClassBasic82.dll
 0001:00013ec8       ?GetDeviceTimeStamp@SapBuffer@@UEAAHHPEA_K@Z 0000000140014ec8 f   SapClassBasic:SapClassBasic82.dll
 0001:00013ece       ?GetDeviceTimeStamp@SapBuffer@@UEAAHPEA_K@Z 0000000140014ece f   SapClassBasic:SapClassBasic82.dll
 0001:00013ed4       ?GetSpaceUsed@SapBuffer@@UEAAHHPEAH@Z 0000000140014ed4 f   SapClassBasic:SapClassBasic82.dll
 0001:00013eda       ?GetSpaceUsed@SapBuffer@@UEAAHPEAH@Z 0000000140014eda f   SapClassBasic:SapClassBasic82.dll
 0001:00013ee0       ?GetHandles@SapBuffer@@UEBAPEAPEAU__CORHANDLE@@XZ 0000000140014ee0 f   SapClassBasic:SapClassBasic82.dll
 0001:00013ee6       ?IsCapabilityValid@SapBuffer@@UEAAHH@Z 0000000140014ee6 f   SapClassBasic:SapClassBasic82.dll
 0001:00013eec       ?GetCapability@SapBuffer@@UEAAHHHPEAX@Z 0000000140014eec f   SapClassBasic:SapClassBasic82.dll
 0001:00013ef2       ?GetCapability@SapBuffer@@UEAAHHPEAX@Z 0000000140014ef2 f   SapClassBasic:SapClassBasic82.dll
 0001:00013ef8       ?IsParameterValid@SapBuffer@@UEAAHHH@Z 0000000140014ef8 f   SapClassBasic:SapClassBasic82.dll
 0001:00013efe       ?IsParameterValid@SapBuffer@@UEAAHH@Z 0000000140014efe f   SapClassBasic:SapClassBasic82.dll
 0001:00013f04       ?GetParameter@SapBuffer@@UEAAHHHPEAX@Z 0000000140014f04 f   SapClassBasic:SapClassBasic82.dll
 0001:00013f0a       ?GetParameter@SapBuffer@@UEAAHHPEAX@Z 0000000140014f0a f   SapClassBasic:SapClassBasic82.dll
 0001:00013f10       ?SetParameter@SapBuffer@@UEAAHHHPEAX@Z 0000000140014f10 f   SapClassBasic:SapClassBasic82.dll
 0001:00013f16       ?SetParameter@SapBuffer@@UEAAHHPEAX@Z 0000000140014f16 f   SapClassBasic:SapClassBasic82.dll
 0001:00013f1c       ?SetParameter@SapBuffer@@UEAAHHHH@Z 0000000140014f1c f   SapClassBasic:SapClassBasic82.dll
 0001:00013f22       ?SetParameter@SapBuffer@@UEAAHHH@Z 0000000140014f22 f   SapClassBasic:SapClassBasic82.dll
 0001:00013f28       ?GetParent@SapBuffer@@UEAAPEAV1@XZ 0000000140014f28 f   SapClassBasic:SapClassBasic82.dll
 0001:00013f2e       ?GetRoot@SapBuffer@@UEAAPEAV1@XZ 0000000140014f2e f   SapClassBasic:SapClassBasic82.dll
 0001:00013f34       ?SetState@SapBuffer@@UEAAHHH@Z 0000000140014f34 f   SapClassBasic:SapClassBasic82.dll
 0001:00013f3a       ?SetState@SapBuffer@@UEAAHH@Z 0000000140014f3a f   SapClassBasic:SapClassBasic82.dll
 0001:00013f40       ?SetAllState@SapBuffer@@UEAAHH@Z 0000000140014f40 f   SapClassBasic:SapClassBasic82.dll
 0001:00013f46       ?GetState@SapBuffer@@UEAAHHPEAH@Z 0000000140014f46 f   SapClassBasic:SapClassBasic82.dll
 0001:00013f4c       ?GetState@SapBuffer@@UEAAHPEAH@Z 0000000140014f4c f   SapClassBasic:SapClassBasic82.dll
 0001:00013f52       ?GetNumPages@SapBuffer@@UEAAHPEAH@Z 0000000140014f52 f   SapClassBasic:SapClassBasic82.dll
 0001:00013f58       ?SetPage@SapBuffer@@UEAAHHH@Z 0000000140014f58 f   SapClassBasic:SapClassBasic82.dll
 0001:00013f5e       ?SetPage@SapBuffer@@UEAAHH@Z 0000000140014f5e f   SapClassBasic:SapClassBasic82.dll
 0001:00013f64       ?SetAllPage@SapBuffer@@UEAAHH@Z 0000000140014f64 f   SapClassBasic:SapClassBasic82.dll
 0001:00013f6a       ?GetPage@SapBuffer@@UEAAHHPEAH@Z 0000000140014f6a f   SapClassBasic:SapClassBasic82.dll
 0001:00013f70       ?GetPage@SapBuffer@@UEAAHPEAH@Z 0000000140014f70 f   SapClassBasic:SapClassBasic82.dll
 0001:00013f76       ?IsMultiFormat@SapBuffer@@UEAAHXZ 0000000140014f76 f   SapClassBasic:SapClassBasic82.dll
 0001:00013f7c       ?GetPageFormat@SapBuffer@@UEAAHPEAH@Z 0000000140014f7c f   SapClassBasic:SapClassBasic82.dll
 0001:00013f82       ?Clear@SapBuffer@@UEAAHHVSapData@@@Z 0000000140014f82 f   SapClassBasic:SapClassBasic82.dll
 0001:00013f88       ?Clear@SapBuffer@@UEAAHVSapData@@@Z 0000000140014f88 f   SapClassBasic:SapClassBasic82.dll
 0001:00013f8e       ?Clear@SapBuffer@@UEAAHH@Z 0000000140014f8e f   SapClassBasic:SapClassBasic82.dll
 0001:00013f94       ?Clear@SapBuffer@@UEAAHXZ  0000000140014f94 f   SapClassBasic:SapClassBasic82.dll
 0001:00013f9a       ?Load@SapBuffer@@UEAAHPEBD0HH@Z 0000000140014f9a f   SapClassBasic:SapClassBasic82.dll
 0001:00013fa0       ?Load@SapBuffer@@UEAAHPEBDHHH0@Z 0000000140014fa0 f   SapClassBasic:SapClassBasic82.dll
 0001:00013fa6       ?Save@SapBuffer@@UEAAHPEBD0HH@Z 0000000140014fa6 f   SapClassBasic:SapClassBasic82.dll
 0001:00013fac       ?Read@SapBuffer@@UEAAHH_KHPEAX@Z 0000000140014fac f   SapClassBasic:SapClassBasic82.dll
 0001:00013fb2       ?Read@SapBuffer@@UEAAH_KHPEAX@Z 0000000140014fb2 f   SapClassBasic:SapClassBasic82.dll
 0001:00013fb8       ?ReadElement@SapBuffer@@UEAAHHHPEAH00@Z 0000000140014fb8 f   SapClassBasic:SapClassBasic82.dll
 0001:00013fbe       ?ReadElement@SapBuffer@@UEAAHHHHPEAVSapData@@@Z 0000000140014fbe f   SapClassBasic:SapClassBasic82.dll
 0001:00013fc4       ?ReadElement@SapBuffer@@UEAAHHHPEAVSapData@@@Z 0000000140014fc4 f   SapClassBasic:SapClassBasic82.dll
 0001:00013fca       ?ReadElement@SapBuffer@@UEAAHHHHPEAX@Z 0000000140014fca f   SapClassBasic:SapClassBasic82.dll
 0001:00013fd0       ?ReadElement@SapBuffer@@UEAAHHHPEAX@Z 0000000140014fd0 f   SapClassBasic:SapClassBasic82.dll
 0001:00013fd6       ?ReadLine@SapBuffer@@UEAAHHHHHHPEAXPEAH@Z 0000000140014fd6 f   SapClassBasic:SapClassBasic82.dll
 0001:00013fdc       ?ReadLine@SapBuffer@@UEAAHHHHHPEAXPEAH@Z 0000000140014fdc f   SapClassBasic:SapClassBasic82.dll
 0001:00013fe2       ?ReadRect@SapBuffer@@UEAAHHHHHHPEAX@Z 0000000140014fe2 f   SapClassBasic:SapClassBasic82.dll
 0001:00013fe8       ?ReadRect@SapBuffer@@UEAAHHHHHPEAX@Z 0000000140014fe8 f   SapClassBasic:SapClassBasic82.dll
 0001:00013fee       ?Write@SapBuffer@@UEAAHH_KHPEBX@Z 0000000140014fee f   SapClassBasic:SapClassBasic82.dll
 0001:00013ff4       ?Write@SapBuffer@@UEAAH_KHPEBX@Z 0000000140014ff4 f   SapClassBasic:SapClassBasic82.dll
 0001:00013ffa       ?WriteElement@SapBuffer@@UEAAHHHHVSapData@@@Z 0000000140014ffa f   SapClassBasic:SapClassBasic82.dll
 0001:00014000       ?WriteElement@SapBuffer@@UEAAHHHVSapData@@@Z 0000000140015000 f   SapClassBasic:SapClassBasic82.dll
 0001:00014006       ?WriteElement@SapBuffer@@UEAAHHHHPEBX@Z 0000000140015006 f   SapClassBasic:SapClassBasic82.dll
 0001:0001400c       ?WriteElement@SapBuffer@@UEAAHHHPEBX@Z 000000014001500c f   SapClassBasic:SapClassBasic82.dll
 0001:00014012       ?WriteLine@SapBuffer@@UEAAHHHHHHPEBXPEAH@Z 0000000140015012 f   SapClassBasic:SapClassBasic82.dll
 0001:00014018       ?WriteLine@SapBuffer@@UEAAHHHHHPEBXPEAH@Z 0000000140015018 f   SapClassBasic:SapClassBasic82.dll
 0001:0001401e       ?WriteRect@SapBuffer@@UEAAHHHHHHPEBX@Z 000000014001501e f   SapClassBasic:SapClassBasic82.dll
 0001:00014024       ?WriteRect@SapBuffer@@UEAAHHHHHPEBX@Z 0000000140015024 f   SapClassBasic:SapClassBasic82.dll
 0001:0001402a       ?Copy@SapBuffer@@UEAAHPEAV1@HH@Z 000000014001502a f   SapClassBasic:SapClassBasic82.dll
 0001:00014030       ?Copy@SapBuffer@@UEAAHPEAV1@@Z 0000000140015030 f   SapClassBasic:SapClassBasic82.dll
 0001:00014036       ?CopyAll@SapBuffer@@UEAAHPEAV1@@Z 0000000140015036 f   SapClassBasic:SapClassBasic82.dll
 0001:0001403c       ?CopyRect@SapBuffer@@UEAAHPEAV1@HHHHHHHH@Z 000000014001503c f   SapClassBasic:SapClassBasic82.dll
 0001:00014042       ?ColorConvert@SapBuffer@@UEAAHPEAV1@HHHHVSapDataFRGB@@PEAVSapLut@@@Z 0000000140015042 f   SapClassBasic:SapClassBasic82.dll
 0001:00014048       ?ColorConvert@SapBuffer@@UEAAHPEAV1@HHVSapDataFRGB@@PEAVSapLut@@@Z 0000000140015048 f   SapClassBasic:SapClassBasic82.dll
 0001:0001404e       ?ColorWhiteBalance@SapBuffer@@UEAAHHHPEAVSapDataFRGB@@@Z 000000014001504e f   SapClassBasic:SapClassBasic82.dll
 0001:00014054       ?ColorWhiteBalance@SapBuffer@@UEAAHHPEAVSapDataFRGB@@@Z 0000000140015054 f   SapClassBasic:SapClassBasic82.dll
 0001:0001405a       ?SplitComponents@SapBuffer@@UEAAHPEAV1@00H@Z 000000014001505a f   SapClassBasic:SapClassBasic82.dll
 0001:00014060       ?SplitComponents@SapBuffer@@UEAAHPEAV1@00@Z 0000000140015060 f   SapClassBasic:SapClassBasic82.dll
 0001:00014066       ?SplitComponents@SapBuffer@@UEAAHPEAV1@H@Z 0000000140015066 f   SapClassBasic:SapClassBasic82.dll
 0001:0001406c       ?SplitComponents@SapBuffer@@UEAAHPEAV1@@Z 000000014001506c f   SapClassBasic:SapClassBasic82.dll
 0001:00014072       ?MergeComponents@SapBuffer@@UEAAHPEAV1@00H@Z 0000000140015072 f   SapClassBasic:SapClassBasic82.dll
 0001:00014078       ?MergeComponents@SapBuffer@@UEAAHPEAV1@00@Z 0000000140015078 f   SapClassBasic:SapClassBasic82.dll
 0001:0001407e       ?MergeComponents@SapBuffer@@UEAAHPEAV1@H@Z 000000014001507e f   SapClassBasic:SapClassBasic82.dll
 0001:00014084       ?MergeComponents@SapBuffer@@UEAAHPEAV1@@Z 0000000140015084 f   SapClassBasic:SapClassBasic82.dll
 0001:0001408a       ?Register@SapBuffer@@UEAAHPEBD@Z 000000014001508a f   SapClassBasic:SapClassBasic82.dll
 0001:00014090       ?Unregister@SapBuffer@@UEAAHXZ 0000000140015090 f   SapClassBasic:SapClassBasic82.dll
 0001:00014096       ?GetNumRoi@SapBuffer@@UEBAHXZ 0000000140015096 f   SapClassBasic:SapClassBasic82.dll
 0001:0001409c       ?GetRoi@SapBuffer@@UEBAQEAUtagRECT@@H@Z 000000014001509c f   SapClassBasic:SapClassBasic82.dll
 0001:000140a2       ?AddRoi@SapBuffer@@UEAAHUtagRECT@@@Z 00000001400150a2 f   SapClassBasic:SapClassBasic82.dll
 0001:000140a8       ?RemoveAllRoi@SapBuffer@@UEAAHXZ 00000001400150a8 f   SapClassBasic:SapClassBasic82.dll
 0001:000140ae       ?GetChild@SapBuffer@@UEBAPEAU__CORHANDLE@@HH@Z 00000001400150ae f   SapClassBasic:SapClassBasic82.dll
 0001:000140b4       ?BayerConvert@SapBuffer@@UEAAHPEAV1@HHHHVSapDataFRGB@@PEAVSapLut@@@Z 00000001400150b4 f   SapClassBasic:SapClassBasic82.dll
 0001:000140ba       ?BayerConvert@SapBuffer@@UEAAHPEAV1@HHVSapDataFRGB@@PEAVSapLut@@@Z 00000001400150ba f   SapClassBasic:SapClassBasic82.dll
 0001:000140c0       ?BayerWhiteBalance@SapBuffer@@UEAAHHHPEAVSapDataFRGB@@@Z 00000001400150c0 f   SapClassBasic:SapClassBasic82.dll
 0001:000140c6       ?BayerWhiteBalance@SapBuffer@@UEAAHHPEAVSapDataFRGB@@@Z 00000001400150c6 f   SapClassBasic:SapClassBasic82.dll
 0001:000140cc       ?Construct@SapBuffer@@MEAAXPEBDPEAVSapDisplay@@@Z 00000001400150cc f   SapClassBasic:SapClassBasic82.dll
 0001:000140d2       ?GetTrashType@SapBufferWithTrash@@UEAAHXZ 00000001400150d2 f   SapClassBasic:SapClassBasic82.dll
 0001:000140d8       ?SetTrashType@SapBufferWithTrash@@UEAAHH@Z 00000001400150d8 f   SapClassBasic:SapClassBasic82.dll
 0001:000140de       ?Construct@SapBufferWithTrash@@MEAAXXZ 00000001400150de f   SapClassBasic:SapClassBasic82.dll
 0001:000140e4       ?Create@SapTransfer@@UEAAHXZ 00000001400150e4 f   SapClassBasic:SapClassBasic82.dll
 0001:000140ea       ?Destroy@SapTransfer@@UEAAHXZ 00000001400150ea f   SapClassBasic:SapClassBasic82.dll
 0001:000140f0       ?Connect@SapTransfer@@UEAAHXZ 00000001400150f0 f   SapClassBasic:SapClassBasic82.dll
 0001:000140f6       ?Disconnect@SapTransfer@@UEAAHXZ 00000001400150f6 f   SapClassBasic:SapClassBasic82.dll
 0001:000140fc       ?GetHandle@SapTransfer@@UEBAPEAU__CORHANDLE@@XZ 00000001400150fc f   SapClassBasic:SapClassBasic82.dll
 0001:00014102       ?GetCallback@SapTransfer@@UEBAP6AXPEAVSapXferCallbackInfo@@@ZXZ 0000000140015102 f   SapClassBasic:SapClassBasic82.dll
 0001:00014108       ?GetTrashCallback@SapTransfer@@UEBAP6AXPEAVSapXferCallbackInfo@@@ZXZ 0000000140015108 f   SapClassBasic:SapClassBasic82.dll
 0001:0001410e       ?GetContext@SapTransfer@@UEBAPEAXXZ 000000014001510e f   SapClassBasic:SapClassBasic82.dll
 0001:00014114       ?IsGrabbing@SapTransfer@@UEBAHXZ 0000000140015114 f   SapClassBasic:SapClassBasic82.dll
 0001:0001411a       ?IsAutoEmpty@SapTransfer@@UEBAHXZ 000000014001511a f   SapClassBasic:SapClassBasic82.dll
 0001:00014120       ?IsAutoConnect@SapTransfer@@UEBAHXZ 0000000140015120 f   SapClassBasic:SapClassBasic82.dll
 0001:00014126       ?IsConnected@SapTransfer@@UEBAHXZ 0000000140015126 f   SapClassBasic:SapClassBasic82.dll
 0001:0001412c       ?GetStartMode@SapTransfer@@UEBAHXZ 000000014001512c f   SapClassBasic:SapClassBasic82.dll
 0001:00014132       ?IsCycleModeAvailable@SapTransfer@@UEAAHHH@Z 0000000140015132 f   SapClassBasic:SapClassBasic82.dll
 0001:00014138       ?GetConnectTimeout@SapTransfer@@UEBAHXZ 0000000140015138 f   SapClassBasic:SapClassBasic82.dll
 0001:0001413e       ?SetCallbackInfo@SapTransfer@@UEAAHPEAVSapXferPair@@@Z 000000014001513e f   SapClassBasic:SapClassBasic82.dll
 0001:00014144       ?SetCallbackInfo@SapTransfer@@UEAAHP6AXPEAVSapXferCallbackInfo@@@ZPEAX@Z 0000000140015144 f   SapClassBasic:SapClassBasic82.dll
 0001:0001414a       ?SetTrashCallbackInfo@SapTransfer@@UEAAHPEAVSapXferPair@@@Z 000000014001514a f   SapClassBasic:SapClassBasic82.dll
 0001:00014150       ?SetTrashCallbackInfo@SapTransfer@@UEAAHP6AXPEAVSapXferCallbackInfo@@@Z@Z 0000000140015150 f   SapClassBasic:SapClassBasic82.dll
 0001:00014156       ?SetAutoEmpty@SapTransfer@@UEAAXH@Z 0000000140015156 f   SapClassBasic:SapClassBasic82.dll
 0001:0001415c       ?SetAutoConnect@SapTransfer@@UEAAXH@Z 000000014001515c f   SapClassBasic:SapClassBasic82.dll
 0001:00014162       ?IsCapabilityValid@SapTransfer@@UEAAHH@Z 0000000140015162 f   SapClassBasic:SapClassBasic82.dll
 0001:00014168       ?IsParameterValid@SapTransfer@@UEAAHH@Z 0000000140015168 f   SapClassBasic:SapClassBasic82.dll
 0001:0001416e       ?GetCapability@SapTransfer@@UEAAHHPEAX@Z 000000014001516e f   SapClassBasic:SapClassBasic82.dll
 0001:00014174       ?GetParameter@SapTransfer@@UEAAHHPEAX@Z 0000000140015174 f   SapClassBasic:SapClassBasic82.dll
 0001:0001417a       ?SetParameter@SapTransfer@@UEAAHHPEAX@Z 000000014001517a f   SapClassBasic:SapClassBasic82.dll
 0001:00014180       ?SetParameter@SapTransfer@@UEAAHHH@Z 0000000140015180 f   SapClassBasic:SapClassBasic82.dll
 0001:00014186       ?Select@SapTransfer@@UEAAHPEAVSapXferPair@@HH@Z 0000000140015186 f   SapClassBasic:SapClassBasic82.dll
 0001:0001418c       ?Select@SapTransfer@@UEAAHHHH@Z 000000014001518c f   SapClassBasic:SapClassBasic82.dll
 0001:00014192       ?SetStartMode@SapTransfer@@MEAAHXZ 0000000140015192 f   SapClassBasic:SapClassBasic82.dll
 0001:00014198       ?SetStartMode@SapTransfer@@UEAAHH@Z 0000000140015198 f   SapClassBasic:SapClassBasic82.dll
 0001:0001419e       ?SetConnectTimeout@SapTransfer@@UEAAHH@Z 000000014001519e f   SapClassBasic:SapClassBasic82.dll
 0001:000141a4       ?UpdateFrameRateStatistics@SapAcqDeviceToBuf@@UEAAHXZ 00000001400151a4 f   SapClassBasic:SapClassBasic82.dll
 0001:000141aa       ?SetEventType@SapTransfer@@UEAAHPEAVSapXferPair@@@Z 00000001400151aa f   SapClassBasic:SapClassBasic82.dll
 0001:000141b0       ?SetEventCountSource@SapTransfer@@UEAAHPEAVSapXferPair@@@Z 00000001400151b0 f   SapClassBasic:SapClassBasic82.dll
 0001:000141b6       ?SetCycleMode@SapTransfer@@UEAAHPEAVSapXferPair@@@Z 00000001400151b6 f   SapClassBasic:SapClassBasic82.dll
 0001:000141bc       ?SetFlipMode@SapTransfer@@UEAAHPEAVSapXferPair@@@Z 00000001400151bc f   SapClassBasic:SapClassBasic82.dll
 0001:000141c2       ?SetCounterStampTimeBase@SapTransfer@@UEAAHPEAVSapXferPair@@@Z 00000001400151c2 f   SapClassBasic:SapClassBasic82.dll
 0001:000141c8       ?SetFlatFieldCycleMode@SapTransfer@@UEAAHPEAVSapXferPair@@@Z 00000001400151c8 f   SapClassBasic:SapClassBasic82.dll
 0001:000141ce       ?SetDynamicLutCycleMode@SapTransfer@@UEAAHPEAVSapXferPair@@@Z 00000001400151ce f   SapClassBasic:SapClassBasic82.dll
 0001:000141d4       ?SetFramesPerCallback@SapTransfer@@UEAAHPEAVSapXferPair@@@Z 00000001400151d4 f   SapClassBasic:SapClassBasic82.dll
 0001:000141da       ?SetFramesOnBoard@SapTransfer@@UEAAHPEAVSapXferPair@@@Z 00000001400151da f   SapClassBasic:SapClassBasic82.dll
 0001:000141e0       ?SetRelativeBufferIndex@SapTransfer@@UEAAHPEAVSapXferPair@@@Z 00000001400151e0 f   SapClassBasic:SapClassBasic82.dll
 0001:000141e6       ?SetNbInputFrames@SapTransfer@@UEAAHPEAVSapXferPair@@@Z 00000001400151e6 f   SapClassBasic:SapClassBasic82.dll
 0001:000141ec       ?SetNbOutputFrames@SapTransfer@@UEAAHPEAVSapXferPair@@@Z 00000001400151ec f   SapClassBasic:SapClassBasic82.dll
 0001:000141f2       ?RegisterCallback@SapTransfer@@UEAAHHP6AXPEAVSapXferCallbackInfo@@@ZPEAXI@Z 00000001400151f2 f   SapClassBasic:SapClassBasic82.dll
 0001:000141f8       ?UnregisterCallback@SapTransfer@@UEAAHXZ 00000001400151f8 f   SapClassBasic:SapClassBasic82.dll
 0001:000141fe       ?UpdateParameters@SapTransfer@@UEAAHXZ 00000001400151fe f   SapClassBasic:SapClassBasic82.dll
 0001:00014204       ?Snap@SapTransfer@@UEAAHH@Z 0000000140015204 f   SapClassBasic:SapClassBasic82.dll
 0001:0001420a       ?Grab@SapTransfer@@UEAAHXZ 000000014001520a f   SapClassBasic:SapClassBasic82.dll
 0001:00014210       ?Freeze@SapTransfer@@UEAAHXZ 0000000140015210 f   SapClassBasic:SapClassBasic82.dll
 0001:00014216       ?Abort@SapTransfer@@UEAAHXZ 0000000140015216 f   SapClassBasic:SapClassBasic82.dll
 0001:0001421c       ?Wait@SapTransfer@@UEAAHH@Z 000000014001521c f   SapClassBasic:SapClassBasic82.dll
 0001:00014222       ?Init@SapTransfer@@UEAAHH@Z 0000000140015222 f   SapClassBasic:SapClassBasic82.dll
 0001:00014228       ?XferIsCycleModeAvailable@SapTransfer@@MEAAHPEAVSapXferPair@@H@Z 0000000140015228 f   SapClassBasic:SapClassBasic82.dll
 0001:0001422e       ?CreatePair@SapTransfer@@MEAAHH@Z 000000014001522e f   SapClassBasic:SapClassBasic82.dll
 0001:00014234       ?DestroyPair@SapTransfer@@MEAAHH@Z 0000000140015234 f   SapClassBasic:SapClassBasic82.dll
 0001:0001423a       ?GetCapabilities@SapTransfer@@MEAAHH@Z 000000014001523a f   SapClassBasic:SapClassBasic82.dll
 0001:00014240       ?SetParameters@SapTransfer@@MEAAHXZ 0000000140015240 f   SapClassBasic:SapClassBasic82.dll
 0001:00014246       ?SetParameters@SapTransfer@@MEAAHH@Z 0000000140015246 f   SapClassBasic:SapClassBasic82.dll
 0001:0001424c       ?FindPairIndex@SapTransfer@@MEAAHPEAVSapXferPair@@PEAH@Z 000000014001524c f   SapClassBasic:SapClassBasic82.dll
 0001:00014252       ?Create@SapView@@UEAAHXZ   0000000140015252 f   SapClassBasic:SapClassBasic82.dll
 0001:00014258       ?Destroy@SapView@@UEAAHXZ  0000000140015258 f   SapClassBasic:SapClassBasic82.dll
 0001:0001425e       ?GetHandle@SapView@@UEBAPEAU__CORHANDLE@@H@Z 000000014001525e f   SapClassBasic:SapClassBasic82.dll
 0001:00014264       ?GetHandle@SapView@@UEBAPEAU__CORHANDLE@@XZ 0000000140015264 f   SapClassBasic:SapClassBasic82.dll
 0001:0001426a       ?IsAutoEmpty@SapView@@UEBAHXZ 000000014001526a f   SapClassBasic:SapClassBasic82.dll
 0001:00014270       ?SetDisplay@SapView@@UEAAHPEAVSapDisplay@@@Z 0000000140015270 f   SapClassBasic:SapClassBasic82.dll
 0001:00014276       ?SetBuffer@SapView@@UEAAHPEAVSapBuffer@@@Z 0000000140015276 f   SapClassBasic:SapClassBasic82.dll
 0001:0001427c       ?SetWindow@SapView@@UEAAHPEAUHWND__@@@Z 000000014001527c f   SapClassBasic:SapClassBasic82.dll
 0001:00014282       ?SetCallbackInfo@SapView@@UEAAHP6AXPEAVSapViewCallbackInfo@@@ZPEAX@Z 0000000140015282 f   SapClassBasic:SapClassBasic82.dll
 0001:00014288       ?GetWidth@SapView@@UEAAHXZ 0000000140015288 f   SapClassBasic:SapClassBasic82.dll
 0001:0001428e       ?GetHeight@SapView@@UEAAHXZ 000000014001528e f   SapClassBasic:SapClassBasic82.dll
 0001:00014294       ?GetViewArea@SapView@@UEAAHPEAH0@Z 0000000140015294 f   SapClassBasic:SapClassBasic82.dll
 0001:0001429a       ?IsCapabilityValid@SapView@@UEAAHH@Z 000000014001529a f   SapClassBasic:SapClassBasic82.dll
 0001:000142a0       ?GetCapability@SapView@@UEAAHHPEAX@Z 00000001400152a0 f   SapClassBasic:SapClassBasic82.dll
 0001:000142a6       ?IsParameterValid@SapView@@UEAAHH@Z 00000001400152a6 f   SapClassBasic:SapClassBasic82.dll
 0001:000142ac       ?GetParameter@SapView@@UEAAHHPEAX@Z 00000001400152ac f   SapClassBasic:SapClassBasic82.dll
 0001:000142b2       ?SetParameter@SapView@@UEAAHHPEAX@Z 00000001400152b2 f   SapClassBasic:SapClassBasic82.dll
 0001:000142b8       ?SetParameter@SapView@@UEAAHHH@Z 00000001400152b8 f   SapClassBasic:SapClassBasic82.dll
 0001:000142be       ?SetWindowTitle@SapView@@UEAAHPEBD@Z 00000001400152be f   SapClassBasic:SapClassBasic82.dll
 0001:000142c4       ?GetWindowTitle@SapView@@UEAAHPEAD@Z 00000001400152c4 f   SapClassBasic:SapClassBasic82.dll
 0001:000142ca       ?SetOverlayMode@SapView@@UEAAHH@Z 00000001400152ca f   SapClassBasic:SapClassBasic82.dll
 0001:000142d0       ?SetKeyColor@SapView@@MEAAHXZ 00000001400152d0 f   SapClassBasic:SapClassBasic82.dll
 0001:000142d6       ?SetKeyColor@SapView@@UEAAHVSapDataRGB@@@Z 00000001400152d6 f   SapClassBasic:SapClassBasic82.dll
 0001:000142dc       ?GetDC@SapView@@UEAAHPEAPEAUHDC__@@@Z 00000001400152dc f   SapClassBasic:SapClassBasic82.dll
 0001:000142e2       ?ReleaseDC@SapView@@UEAAHXZ 00000001400152e2 f   SapClassBasic:SapClassBasic82.dll
 0001:000142e8       ?Init@SapView@@UEAAXXZ     00000001400152e8 f   SapClassBasic:SapClassBasic82.dll
 0001:000142ee       ?Show@SapView@@UEAAXH@Z    00000001400152ee f   SapClassBasic:SapClassBasic82.dll
 0001:000142f4       ?Show@SapView@@UEAAXXZ     00000001400152f4 f   SapClassBasic:SapClassBasic82.dll
 0001:000142fa       ?ShowNext@SapView@@UEAAXXZ 00000001400152fa f   SapClassBasic:SapClassBasic82.dll
 0001:00014300       ?Hide@SapView@@UEAAXXZ     0000000140015300 f   SapClassBasic:SapClassBasic82.dll
 0001:00014306       ?HasRange@SapView@@UEAAHXZ 0000000140015306 f   SapClassBasic:SapClassBasic82.dll
 0001:0001430c       ?GetRange@SapView@@UEAAHXZ 000000014001530c f   SapClassBasic:SapClassBasic82.dll
 0001:00014312       ?GetRangeMinMax@SapView@@UEAAXPEAH0@Z 0000000140015312 f   SapClassBasic:SapClassBasic82.dll
 0001:00014318       ?SetRange@SapView@@UEAAHH@Z 0000000140015318 f   SapClassBasic:SapClassBasic82.dll
 0001:0001431e       ?SetScalingMode@SapView@@UEAAHAEBVSapViewScaleParams@@0H@Z 000000014001531e f   SapClassBasic:SapClassBasic82.dll
 0001:00014324       ?SetScalingMode@SapView@@UEAAHMMH@Z 0000000140015324 f   SapClassBasic:SapClassBasic82.dll
 0001:0001432a       ?SetScalingMode@SapView@@UEAAHW4ScalingMode@1@HH@Z 000000014001532a f   SapClassBasic:SapClassBasic82.dll
 0001:00014330       ?SetAutoEmpty@SapView@@UEAAXH@Z 0000000140015330 f   SapClassBasic:SapClassBasic82.dll
 0001:00014336       ?SetImmediateMode@SapView@@UEAAXH@Z 0000000140015336 f   SapClassBasic:SapClassBasic82.dll
 0001:0001433c       ?SetThreadPriority@SapView@@UEAAXH@Z 000000014001533c f   SapClassBasic:SapClassBasic82.dll
 0001:00014342       ?ApplyLut@SapView@@UEAAHXZ 0000000140015342 f   SapClassBasic:SapClassBasic82.dll
 0001:00014348       ?OnPaint@SapView@@UEAAXXZ  0000000140015348 f   SapClassBasic:SapClassBasic82.dll
 0001:0001434e       ?OnMove@SapView@@UEAAXXZ   000000014001534e f   SapClassBasic:SapClassBasic82.dll
 0001:00014354       ?OnSize@SapView@@UEAAXH@Z  0000000140015354 f   SapClassBasic:SapClassBasic82.dll
 0001:0001435a       ?OnHScroll@SapView@@UEAAXH@Z 000000014001535a f   SapClassBasic:SapClassBasic82.dll
 0001:00014360       ?OnVScroll@SapView@@UEAAXH@Z 0000000140015360 f   SapClassBasic:SapClassBasic82.dll
 0001:00014366       ?GetHandles@SapView@@UEBAPEAPEAU__CORHANDLE@@XZ 0000000140015366 f   SapClassBasic:SapClassBasic82.dll
 0001:0001436c       ??ASapView@@UEBAPEAU__CORHANDLE@@H@Z 000000014001536c f   SapClassBasic:SapClassBasic82.dll
 0001:00014372       ?SetBuffers@SapView@@UEAAHPEAVSapBuffer@@@Z 0000000140015372 f   SapClassBasic:SapClassBasic82.dll
 0001:00014378       ?DoShow@SapView@@MEAAXXZ   0000000140015378 f   SapClassBasic:SapClassBasic82.dll
 0001:0001437e       ?Next@SapView@@MEAAXXZ     000000014001537e f   SapClassBasic:SapClassBasic82.dll
 0001:00014384       ?SetScrollPosAndRange@SapView@@MEAAXXZ 0000000140015384 f   SapClassBasic:SapClassBasic82.dll
 0001:0001438a       ?LoadLut@SapView@@MEAAHXZ  000000014001538a f   SapClassBasic:SapClassBasic82.dll
 0001:00014390       ??1SapAcqDeviceToBuf@@UEAA@XZ 0000000140015390 f   SapClassBasic:SapClassBasic82.dll
 0001:00014396       ??1SapAcqDevice@@UEAA@XZ   0000000140015396 f   SapClassBasic:SapClassBasic82.dll
 0001:0001439c       ??1SapBufferWithTrash@@UEAA@XZ 000000014001539c f   SapClassBasic:SapClassBasic82.dll
 0001:000143a2       ??1SapView@@UEAA@XZ        00000001400153a2 f   SapClassBasic:SapClassBasic82.dll
 0001:000143a8       ?SetCycleMode@SapXferPair@@QEAAHH@Z 00000001400153a8 f   SapClassBasic:SapClassBasic82.dll
 0001:000143ae       ?GetPair@SapTransfer@@QEAAPEAVSapXferPair@@H@Z 00000001400153ae f   SapClassBasic:SapClassBasic82.dll
 0001:000143b4       ??BSapManager@@QEBAHXZ     00000001400153b4 f   SapClassBasic:SapClassBasic82.dll
 0001:000143ba       ?GetBuffer@SapView@@QEBAPEAVSapBuffer@@XZ 00000001400153ba f   SapClassBasic:SapClassBasic82.dll
 0001:000143c0       ??1CImageExWnd@@UEAA@XZ    00000001400153c0 f   SapClassGuiD:SapClassGui82D.NET_2010.dll
 0001:000143c6       ??0CImageExWnd@@QEAA@XZ    00000001400153c6 f   SapClassGuiD:SapClassGui82D.NET_2010.dll
 0001:000143cc       ??0CImageExWndEventHandler@@QEAA@XZ 00000001400153cc f   SapClassGuiD:SapClassGui82D.NET_2010.dll
 0001:000143d2       ?ScaleChanged@CImageViewportWndEventHandler@@UEAAXXZ 00000001400153d2 f   SapClassGuiD:SapClassGui82D.NET_2010.dll
 0001:000143d8       ?RoiChanged@CImageViewportWndEventHandler@@UEAAXXZ 00000001400153d8 f   SapClassGuiD:SapClassGui82D.NET_2010.dll
 0001:000143de       ?ViewChanged@CImageViewportWndEventHandler@@UEAAXXZ 00000001400153de f   SapClassGuiD:SapClassGui82D.NET_2010.dll
 0001:000143e4       ?MarkerChanged@CImageExWndEventHandler@@UEAAXXZ 00000001400153e4 f   SapClassGuiD:SapClassGui82D.NET_2010.dll
 0001:000143ea       ?InteractiveMarkerChanged@CImageExWndEventHandler@@UEAAXH@Z 00000001400153ea f   SapClassGuiD:SapClassGui82D.NET_2010.dll
 0001:000143f0       ?GetPixelString@CImageExWnd@@QEBA?AV?$CStringT@DV?$StrTraitMFC_DLL@DV?$ChTraitsCRT@D@ATL@@@@@ATL@@VCPoint@@@Z 00000001400153f0 f   SapClassGuiD:SapClassGui82D.NET_2010.dll
 0001:000143f6       ?Reset@CImageExWnd@@QEAAXXZ 00000001400153f6 f   SapClassGuiD:SapClassGui82D.NET_2010.dll
 0001:000143fc       ?AttachSapView@CImageExWnd@@QEAA_NPEAVSapView@@@Z 00000001400153fc f   SapClassGuiD:SapClassGui82D.NET_2010.dll
 0001:00014402       ??1CViewDlg@@UEAA@XZ       0000000140015402 f   SapClassGuiD:SapClassGui82D.NET_2010.dll
 0001:00014408       ?Refresh@CImageExWnd@@QEAAXXZ 0000000140015408 f   SapClassGuiD:SapClassGui82D.NET_2010.dll
 0001:0001440e       ??0CViewDlg@@QEAA@PEAVCWnd@@PEAVSapView@@@Z 000000014001540e f   SapClassGuiD:SapClassGui82D.NET_2010.dll
 0001:00014414       ??1CAbortDlg@@UEAA@XZ      0000000140015414 f   SapClassGuiD:SapClassGui82D.NET_2010.dll
 0001:0001441a       ??0CAbortDlg@@QEAA@PEAVCWnd@@PEAVSapTransfer@@H@Z 000000014001541a f   SapClassGuiD:SapClassGui82D.NET_2010.dll
 0001:00014420       ZLBSaveImage               0000000140015420 f   ZLBImage:ZLBImage.dll
 0001:00014426       ZLBCreateDirectory         0000000140015426 f   ZLBCommon:ZLBCommon.dll
 0001:0001442c       ZLBGetFormatTime           000000014001542c f   ZLBCommon:ZLBCommon.dll
 0001:00014432       ZLBIsPathExist             0000000140015432 f   ZLBCommon:ZLBCommon.dll
 0001:00014438       ZLBIniReadDouble           0000000140015438 f   ZLBCommon:ZLBCommon.dll
 0001:0001443e       ZLBIniReadString           000000014001543e f   ZLBCommon:ZLBCommon.dll
 0001:00014444       ZLBIniReadInt              0000000140015444 f   ZLBCommon:ZLBCommon.dll
 0001:0001444a       ZLBIniFile                 000000014001544a f   ZLBCommon:ZLBCommon.dll
 0001:00014450       ZLBGetCurrentPath          0000000140015450 f   ZLBCommon:ZLBCommon.dll
 0001:00014456       ??3@YAXPEAX@Z              0000000140015456 f   mfc100d:mfc100d.dll
 0001:0001445c       ?GetThisMessageMap@CWinApp@@KAPEBUAFX_MSGMAP@@XZ 000000014001545c f   mfc100d:mfc100d.dll
 0001:00014462       ??0CWinApp@@QEAA@PEBD@Z    0000000140015462 f   mfc100d:mfc100d.dll
 0001:00014468       ?GetRuntimeClass@CWinApp@@UEBAPEAUCRuntimeClass@@XZ 0000000140015468 f   mfc100d:mfc100d.dll
 0001:0001446e       ?Serialize@CObject@@UEAAXAEAVCArchive@@@Z 000000014001546e f   mfc100d:mfc100d.dll
 0001:00014474       ?AssertValid@CWinApp@@UEBAXXZ 0000000140015474 f   mfc100d:mfc100d.dll
 0001:0001447a       ?Dump@CWinApp@@UEBAXAEAVCDumpContext@@@Z 000000014001547a f   mfc100d:mfc100d.dll
 0001:00014480       ?OnCmdMsg@CCmdTarget@@UEAAHIHPEAXPEAUAFX_CMDHANDLERINFO@@@Z 0000000140015480 f   mfc100d:mfc100d.dll
 0001:00014486       ?OnFinalRelease@CCmdTarget@@UEAAXXZ 0000000140015486 f   mfc100d:mfc100d.dll
 0001:0001448c       ?IsInvokeAllowed@CCmdTarget@@UEAAHJ@Z 000000014001548c f   mfc100d:mfc100d.dll
 0001:00014492       ?GetDispatchIID@CCmdTarget@@UEAAHPEAU_GUID@@@Z 0000000140015492 f   mfc100d:mfc100d.dll
 0001:00014498       ?GetTypeInfoCount@CCmdTarget@@UEAAIXZ 0000000140015498 f   mfc100d:mfc100d.dll
 0001:0001449e       ?GetTypeLibCache@CCmdTarget@@UEAAPEAVCTypeLibCache@@XZ 000000014001549e f   mfc100d:mfc100d.dll
 0001:000144a4       ?GetTypeLib@CCmdTarget@@UEAAJKPEAPEAUITypeLib@@@Z 00000001400154a4 f   mfc100d:mfc100d.dll
 0001:000144aa       ?GetCommandMap@CCmdTarget@@MEBAPEBUAFX_OLECMDMAP@@XZ 00000001400154aa f   mfc100d:mfc100d.dll
 0001:000144b0       ?GetDispatchMap@CCmdTarget@@MEBAPEBUAFX_DISPMAP@@XZ 00000001400154b0 f   mfc100d:mfc100d.dll
 0001:000144b6       ?GetConnectionMap@CCmdTarget@@MEBAPEBUAFX_CONNECTIONMAP@@XZ 00000001400154b6 f   mfc100d:mfc100d.dll
 0001:000144bc       ?GetInterfaceMap@CCmdTarget@@MEBAPEBUAFX_INTERFACEMAP@@XZ 00000001400154bc f   mfc100d:mfc100d.dll
 0001:000144c2       ?GetEventSinkMap@CCmdTarget@@MEBAPEBUAFX_EVENTSINKMAP@@XZ 00000001400154c2 f   mfc100d:mfc100d.dll
 0001:000144c8       ?OnCreateAggregates@CCmdTarget@@UEAAHXZ 00000001400154c8 f   mfc100d:mfc100d.dll
 0001:000144ce       ?GetInterfaceHook@CCmdTarget@@UEAAPEAUIUnknown@@PEBX@Z 00000001400154ce f   mfc100d:mfc100d.dll
 0001:000144d4       ?GetExtraConnectionPoints@CCmdTarget@@MEAAHPEAVCPtrArray@@@Z 00000001400154d4 f   mfc100d:mfc100d.dll
 0001:000144da       ?GetConnectionHook@CCmdTarget@@MEAAPEAUIConnectionPoint@@AEBU_GUID@@@Z 00000001400154da f   mfc100d:mfc100d.dll
 0001:000144e0       ?Run@CWinApp@@UEAAHXZ      00000001400154e0 f   mfc100d:mfc100d.dll
 0001:000144e6       ?PreTranslateMessage@CWinThread@@UEAAHPEAUtagMSG@@@Z 00000001400154e6 f   mfc100d:mfc100d.dll
 0001:000144ec       ?PumpMessage@CWinThread@@UEAAHXZ 00000001400154ec f   mfc100d:mfc100d.dll
 0001:000144f2       ?OnIdle@CWinApp@@UEAAHJ@Z  00000001400154f2 f   mfc100d:mfc100d.dll
 0001:000144f8       ?IsIdleMessage@CWinThread@@UEAAHPEAUtagMSG@@@Z 00000001400154f8 f   mfc100d:mfc100d.dll
 0001:000144fe       ?ExitInstance@CWinApp@@UEAAHXZ 00000001400154fe f   mfc100d:mfc100d.dll
 0001:00014504       ?ProcessWndProcException@CWinApp@@UEAA_JPEAVCException@@PEBUtagMSG@@@Z 0000000140015504 f   mfc100d:mfc100d.dll
 0001:0001450a       ?ProcessMessageFilter@CWinThread@@UEAAHHPEAUtagMSG@@@Z 000000014001550a f   mfc100d:mfc100d.dll
 0001:00014510       ?GetMainWnd@CWinThread@@UEAAPEAVCWnd@@XZ 0000000140015510 f   mfc100d:mfc100d.dll
 0001:00014516       ?Delete@CWinThread@@UEAAXXZ 0000000140015516 f   mfc100d:mfc100d.dll
 0001:0001451c       ?GetProfileIntA@CWinApp@@UEAAIPEBD0H@Z 000000014001551c f   mfc100d:mfc100d.dll
 0001:00014522       ?WriteProfileInt@CWinApp@@UEAAHPEBD0H@Z 0000000140015522 f   mfc100d:mfc100d.dll
 0001:00014528       ?GetProfileStringA@CWinApp@@UEAA?AV?$CStringT@DV?$StrTraitMFC_DLL@DV?$ChTraitsCRT@D@ATL@@@@@ATL@@PEBD00@Z 0000000140015528 f   mfc100d:mfc100d.dll
 0001:0001452e       ?WriteProfileStringA@CWinApp@@UEAAHPEBD00@Z 000000014001552e f   mfc100d:mfc100d.dll
 0001:00014534       ?GetProfileBinary@CWinApp@@UEAAHPEBD0PEAPEAEPEAI@Z 0000000140015534 f   mfc100d:mfc100d.dll
 0001:0001453a       ?WriteProfileBinary@CWinApp@@UEAAHPEBD0PEAEI@Z 000000014001553a f   mfc100d:mfc100d.dll
 0001:00014540       ?InitLibId@CWinApp@@UEAAXXZ 0000000140015540 f   mfc100d:mfc100d.dll
 0001:00014546       ?Register@CWinApp@@UEAAHXZ 0000000140015546 f   mfc100d:mfc100d.dll
 0001:0001454c       ?Unregister@CWinApp@@UEAAHXZ 000000014001554c f   mfc100d:mfc100d.dll
 0001:00014552       ?OpenDocumentFile@CWinApp@@UEAAPEAVCDocument@@PEBDH@Z 0000000140015552 f   mfc100d:mfc100d.dll
 0001:00014558       ?OpenDocumentFile@CWinApp@@UEAAPEAVCDocument@@PEBD@Z 0000000140015558 f   mfc100d:mfc100d.dll
 0001:0001455e       ?AddToRecentFileList@CWinApp@@UEAAXPEBD@Z 000000014001555e f   mfc100d:mfc100d.dll
 0001:00014564       ?InitApplication@CWinApp@@UEAAHXZ 0000000140015564 f   mfc100d:mfc100d.dll
 0001:0001456a       ?SaveAllModified@CWinApp@@UEAAHXZ 000000014001556a f   mfc100d:mfc100d.dll
 0001:00014570       ?DoMessageBox@CWinApp@@UEAAHPEBDII@Z 0000000140015570 f   mfc100d:mfc100d.dll
 0001:00014576       ?DoWaitCursor@CWinApp@@UEAAXH@Z 0000000140015576 f   mfc100d:mfc100d.dll
 0001:0001457c       ?OnDDECommand@CWinApp@@UEAAHPEAD@Z 000000014001557c f   mfc100d:mfc100d.dll
 0001:00014582       ?WinHelpA@CWinApp@@UEAAX_KI@Z 0000000140015582 f   mfc100d:mfc100d.dll
 0001:00014588       ?HtmlHelpA@CWinApp@@UEAAX_KI@Z 0000000140015588 f   mfc100d:mfc100d.dll
 0001:0001458e       ?WinHelpInternal@CWinApp@@UEAAX_KI@Z 000000014001558e f   mfc100d:mfc100d.dll
 0001:00014594       ?RegisterWithRestartManager@CWinApp@@UEAAJPEB_WKP6AKPEAX@Z1KK@Z 0000000140015594 f   mfc100d:mfc100d.dll
 0001:0001459a       ?RegisterWithRestartManager@CWinApp@@UEAAJHAEBV?$CStringT@DV?$StrTraitMFC_DLL@DV?$ChTraitsCRT@D@ATL@@@@@ATL@@@Z 000000014001559a f   mfc100d:mfc100d.dll
 0001:000145a0       ?ApplicationRecoveryCallback@CWinApp@@UEAAKPEAX@Z 00000001400155a0 f   mfc100d:mfc100d.dll
 0001:000145a6       ?GetDataRecoveryHandler@CWinApp@@UEAAPEAVCDataRecoveryHandler@@XZ 00000001400155a6 f   mfc100d:mfc100d.dll
 0001:000145ac       ?IsTaskbarInteractionEnabled@CWinApp@@UEAAHXZ 00000001400155ac f   mfc100d:mfc100d.dll
 0001:000145b2       ?RestartInstance@CWinApp@@UEAAHXZ 00000001400155b2 f   mfc100d:mfc100d.dll
 0001:000145b8       ?LoadAppLangResourceDLL@CWinApp@@UEAAPEAUHINSTANCE__@@XZ 00000001400155b8 f   mfc100d:mfc100d.dll
 0001:000145be       ?LoadSysPolicies@CWinApp@@UEAAHXZ 00000001400155be f   mfc100d:mfc100d.dll
 0001:000145c4       ??3CObject@@SAXPEAX@Z      00000001400155c4 f   mfc100d:mfc100d.dll
 0001:000145ca       ??1CWinApp@@UEAA@XZ        00000001400155ca f   mfc100d:mfc100d.dll
 0001:000145d0       ?DoModal@CDialog@@UEAA_JXZ 00000001400155d0 f   mfc100d:mfc100d.dll
 0001:000145d6       ?AfxEnableControlContainer@@YAXPEAVCOccManager@@@Z 00000001400155d6 f   mfc100d:mfc100d.dll
 0001:000145dc       ??1CDialog@@UEAA@XZ        00000001400155dc f   mfc100d:mfc100d.dll
 0001:000145e2       ??1CStatic@@UEAA@XZ        00000001400155e2 f   mfc100d:mfc100d.dll
 0001:000145e8       ??1CEdit@@UEAA@XZ          00000001400155e8 f   mfc100d:mfc100d.dll
 0001:000145ee       ??1CButton@@UEAA@XZ        00000001400155ee f   mfc100d:mfc100d.dll
 0001:000145f4       ??1CComboBox@@UEAA@XZ      00000001400155f4 f   mfc100d:mfc100d.dll
 0001:000145fa       ??1CBitmap@@UEAA@XZ        00000001400155fa f   mfc100d:mfc100d.dll
 0001:00014600       ??1?$CStringT@DV?$StrTraitMFC_DLL@DV?$ChTraitsCRT@D@ATL@@@@@ATL@@QEAA@XZ 0000000140015600 f   mfc100d:mfc100d.dll
 0001:00014606       ??0CDialog@@QEAA@IPEAVCWnd@@@Z 0000000140015606 f   mfc100d:mfc100d.dll
 0001:0001460c       ?GetRuntimeClass@CDialog@@UEBAPEAUCRuntimeClass@@XZ 000000014001560c f   mfc100d:mfc100d.dll
 0001:00014612       ?AssertValid@CDialog@@UEBAXXZ 0000000140015612 f   mfc100d:mfc100d.dll
 0001:00014618       ?Dump@CDialog@@UEBAXAEAVCDumpContext@@@Z 0000000140015618 f   mfc100d:mfc100d.dll
 0001:0001461e       ?OnCmdMsg@CDialog@@UEAAHIHPEAXPEAUAFX_CMDHANDLERINFO@@@Z 000000014001561e f   mfc100d:mfc100d.dll
 0001:00014624       ?OnFinalRelease@CWnd@@UEAAXXZ 0000000140015624 f   mfc100d:mfc100d.dll
 0001:0001462a       ?GetInterfaceMap@CWnd@@MEBAPEBUAFX_INTERFACEMAP@@XZ 000000014001562a f   mfc100d:mfc100d.dll
 0001:00014630       ?PreSubclassWindow@CWnd@@UEAAXXZ 0000000140015630 f   mfc100d:mfc100d.dll
 0001:00014636       ?Create@CWnd@@UEAAHPEBD0KAEBUtagRECT@@PEAV1@IPEAUCCreateContext@@@Z 0000000140015636 f   mfc100d:mfc100d.dll
 0001:0001463c       ?CreateEx@CWnd@@UEAAHKPEBD0KAEBUtagRECT@@PEAV1@IPEAX@Z 000000014001563c f   mfc100d:mfc100d.dll
 0001:00014642       ?CreateEx@CWnd@@UEAAHKPEBD0KHHHHPEAUHWND__@@PEAUHMENU__@@PEAX@Z 0000000140015642 f   mfc100d:mfc100d.dll
 0001:00014648       ?DestroyWindow@CWnd@@UEAAHXZ 0000000140015648 f   mfc100d:mfc100d.dll
 0001:0001464e       ?PreCreateWindow@CWnd@@UEAAHAEAUtagCREATESTRUCTA@@@Z 000000014001564e f   mfc100d:mfc100d.dll
 0001:00014654       ?CalcWindowRect@CWnd@@UEAAXPEAUtagRECT@@I@Z 0000000140015654 f   mfc100d:mfc100d.dll
 0001:0001465a       ?GetMenu@CWnd@@UEBAPEAVCMenu@@XZ 000000014001565a f   mfc100d:mfc100d.dll
 0001:00014660       ?SetMenu@CWnd@@UEAAHPEAVCMenu@@@Z 0000000140015660 f   mfc100d:mfc100d.dll
 0001:00014666       ?OnToolHitTest@CWnd@@UEBA_JVCPoint@@PEAUtagTOOLINFOA@@@Z 0000000140015666 f   mfc100d:mfc100d.dll
 0001:0001466c       ?GetScrollBarCtrl@CWnd@@UEBAPEAVCScrollBar@@H@Z 000000014001566c f   mfc100d:mfc100d.dll
 0001:00014672       ?WinHelpA@CWnd@@UEAAX_KI@Z 0000000140015672 f   mfc100d:mfc100d.dll
 0001:00014678       ?HtmlHelpA@CWnd@@UEAAX_KI@Z 0000000140015678 f   mfc100d:mfc100d.dll
 0001:0001467e       ?WinHelpInternal@CWnd@@UEAAX_KI@Z 000000014001567e f   mfc100d:mfc100d.dll
 0001:00014684       ?ContinueModal@CWnd@@UEAAHXZ 0000000140015684 f   mfc100d:mfc100d.dll
 0001:0001468a       ?EndModalLoop@CWnd@@UEAAXH@Z 000000014001568a f   mfc100d:mfc100d.dll
 0001:00014690       ?OnDrawIconicThumbnailOrLivePreview@CWnd@@UEAAXAEAVCDC@@VCRect@@VCSize@@HAEAH@Z 0000000140015690 f   mfc100d:mfc100d.dll
 0001:00014696       ?EnsureStdObj@CWnd@@UEAAJXZ 0000000140015696 f   mfc100d:mfc100d.dll
 0001:0001469c       ?get_accParent@CWnd@@UEAAJPEAPEAUIDispatch@@@Z 000000014001569c f   mfc100d:mfc100d.dll
 0001:000146a2       ?get_accChildCount@CWnd@@UEAAJPEAJ@Z 00000001400156a2 f   mfc100d:mfc100d.dll
 0001:000146a8       ?get_accChild@CWnd@@UEAAJUtagVARIANT@@PEAPEAUIDispatch@@@Z 00000001400156a8 f   mfc100d:mfc100d.dll
 0001:000146ae       ?get_accName@CWnd@@UEAAJUtagVARIANT@@PEAPEA_W@Z 00000001400156ae f   mfc100d:mfc100d.dll
 0001:000146b4       ?get_accValue@CWnd@@UEAAJUtagVARIANT@@PEAPEA_W@Z 00000001400156b4 f   mfc100d:mfc100d.dll
 0001:000146ba       ?get_accDescription@CWnd@@UEAAJUtagVARIANT@@PEAPEA_W@Z 00000001400156ba f   mfc100d:mfc100d.dll
 0001:000146c0       ?get_accRole@CWnd@@UEAAJUtagVARIANT@@PEAU2@@Z 00000001400156c0 f   mfc100d:mfc100d.dll
 0001:000146c6       ?get_accState@CWnd@@UEAAJUtagVARIANT@@PEAU2@@Z 00000001400156c6 f   mfc100d:mfc100d.dll
 0001:000146cc       ?get_accHelp@CWnd@@UEAAJUtagVARIANT@@PEAPEA_W@Z 00000001400156cc f   mfc100d:mfc100d.dll
 0001:000146d2       ?get_accHelpTopic@CWnd@@UEAAJPEAPEA_WUtagVARIANT@@PEAJ@Z 00000001400156d2 f   mfc100d:mfc100d.dll
 0001:000146d8       ?get_accKeyboardShortcut@CWnd@@UEAAJUtagVARIANT@@PEAPEA_W@Z 00000001400156d8 f   mfc100d:mfc100d.dll
 0001:000146de       ?get_accFocus@CWnd@@UEAAJPEAUtagVARIANT@@@Z 00000001400156de f   mfc100d:mfc100d.dll
 0001:000146e4       ?get_accSelection@CWnd@@UEAAJPEAUtagVARIANT@@@Z 00000001400156e4 f   mfc100d:mfc100d.dll
 0001:000146ea       ?get_accDefaultAction@CWnd@@UEAAJUtagVARIANT@@PEAPEA_W@Z 00000001400156ea f   mfc100d:mfc100d.dll
 0001:000146f0       ?accSelect@CWnd@@UEAAJJUtagVARIANT@@@Z 00000001400156f0 f   mfc100d:mfc100d.dll
 0001:000146f6       ?accLocation@CWnd@@UEAAJPEAJ000UtagVARIANT@@@Z 00000001400156f6 f   mfc100d:mfc100d.dll
 0001:000146fc       ?accNavigate@CWnd@@UEAAJJUtagVARIANT@@PEAU2@@Z 00000001400156fc f   mfc100d:mfc100d.dll
 0001:00014702       ?accHitTest@CWnd@@UEAAJJJPEAUtagVARIANT@@@Z 0000000140015702 f   mfc100d:mfc100d.dll
 0001:00014708       ?accDoDefaultAction@CWnd@@UEAAJUtagVARIANT@@@Z 0000000140015708 f   mfc100d:mfc100d.dll
 0001:0001470e       ?put_accName@CWnd@@UEAAJUtagVARIANT@@PEA_W@Z 000000014001570e f   mfc100d:mfc100d.dll
 0001:00014714       ?put_accValue@CWnd@@UEAAJUtagVARIANT@@PEA_W@Z 0000000140015714 f   mfc100d:mfc100d.dll
 0001:0001471a       ?SetProxy@CWnd@@UEAAJPEAUIAccessibleProxy@@@Z 000000014001571a f   mfc100d:mfc100d.dll
 0001:00014720       ?CreateAccessibleProxy@CWnd@@UEAAJ_K_JPEA_J@Z 0000000140015720 f   mfc100d:mfc100d.dll
 0001:00014726       ?OnCommand@CWnd@@MEAAH_K_J@Z 0000000140015726 f   mfc100d:mfc100d.dll
 0001:0001472c       ?OnNotify@CWnd@@MEAAH_K_JPEA_J@Z 000000014001572c f   mfc100d:mfc100d.dll
 0001:00014732       ?GetSuperWndProcAddr@CWnd@@MEAAPEAP6A_JPEAUHWND__@@I_K_J@ZXZ 0000000140015732 f   mfc100d:mfc100d.dll
 0001:00014738       ?BeginModalState@CWnd@@UEAAXXZ 0000000140015738 f   mfc100d:mfc100d.dll
 0001:0001473e       ?EndModalState@CWnd@@UEAAXXZ 000000014001573e f   mfc100d:mfc100d.dll
 0001:00014744       ?PreTranslateMessage@CDialog@@UEAAHPEAUtagMSG@@@Z 0000000140015744 f   mfc100d:mfc100d.dll
 0001:0001474a       ?OnAmbientProperty@CWnd@@UEAAHPEAVCOleControlSite@@JPEAUtagVARIANT@@@Z 000000014001574a f   mfc100d:mfc100d.dll
 0001:00014750       ?WindowProc@CWnd@@MEAA_JI_K_J@Z 0000000140015750 f   mfc100d:mfc100d.dll
[...]
 0005:00004200       __imp_?get_accChild@CWnd@@UEAAJUtagVARIANT@@PEAPEAUIDispatch@@@Z 0000000174567200     mfc100d:mfc100d.dll
 0005:00004208       __imp_?get_accChildCount@CWnd@@UEAAJPEAJ@Z 0000000174567208     mfc100d:mfc100d.dll
 0005:00004210       __imp_?get_accParent@CWnd@@UEAAJPEAPEAUIDispatch@@@Z 0000000174567210     mfc100d:mfc100d.dll
 0005:00004218       __imp_?EnsureStdObj@CWnd@@UEAAJXZ 0000000174567218     mfc100d:mfc100d.dll
 0005:00004220       __imp_?OnDrawIconicThumbnailOrLivePreview@CWnd@@UEAAXAEAVCDC@@VCRect@@VCSize@@HAEAH@Z 0000000174567220     mfc100d:mfc100d.dll
 0005:00004228       __imp_?EndModalLoop@CWnd@@UEAAXH@Z 0000000174567228     mfc100d:mfc100d.dll
 0005:00004230       __imp_?ContinueModal@CWnd@@UEAAHXZ 0000000174567230     mfc100d:mfc100d.dll
 0005:00004238       __imp_?WinHelpInternal@CWnd@@UEAAX_KI@Z 0000000174567238     mfc100d:mfc100d.dll
 0005:00004240       __imp_?HtmlHelpA@CWnd@@UEAAX_KI@Z 0000000174567240     mfc100d:mfc100d.dll
 0005:00004248       __imp_?WinHelpA@CWnd@@UEAAX_KI@Z 0000000174567248     mfc100d:mfc100d.dll
 0005:00004250       __imp_?GetScrollBarCtrl@CWnd@@UEBAPEAVCScrollBar@@H@Z 0000000174567250     mfc100d:mfc100d.dll
 0005:00004258       __imp_?OnToolHitTest@CWnd@@UEBA_JVCPoint@@PEAUtagTOOLINFOA@@@Z 0000000174567258     mfc100d:mfc100d.dll
 0005:00004260       __imp_?SetMenu@CWnd@@UEAAHPEAVCMenu@@@Z 0000000174567260     mfc100d:mfc100d.dll
 0005:00004268       __imp_?GetMenu@CWnd@@UEBAPEAVCMenu@@XZ 0000000174567268     mfc100d:mfc100d.dll
 0005:00004270       __imp_?CalcWindowRect@CWnd@@UEAAXPEAUtagRECT@@I@Z 0000000174567270     mfc100d:mfc100d.dll
 0005:00004278       __imp_?PreCreateWindow@CWnd@@UEAAHAEAUtagCREATESTRUCTA@@@Z 0000000174567278     mfc100d:mfc100d.dll
 0005:00004280       __imp_?DestroyWindow@CWnd@@UEAAHXZ 0000000174567280     mfc100d:mfc100d.dll
 0005:00004288       __imp_?CreateEx@CWnd@@UEAAHKPEBD0KHHHHPEAUHWND__@@PEAUHMENU__@@PEAX@Z 0000000174567288     mfc100d:mfc100d.dll
 0005:00004290       __imp_?CreateEx@CWnd@@UEAAHKPEBD0KAEBUtagRECT@@PEAV1@IPEAX@Z 0000000174567290     mfc100d:mfc100d.dll
 0005:00004298       __imp_?Create@CWnd@@UEAAHPEBD0KAEBUtagRECT@@PEAV1@IPEAUCCreateContext@@@Z 0000000174567298     mfc100d:mfc100d.dll
 0005:000042a0       __imp_?PreSubclassWindow@CWnd@@UEAAXXZ 00000001745672a0     mfc100d:mfc100d.dll
 0005:000042a8       __imp_?GetInterfaceMap@CWnd@@MEBAPEBUAFX_INTERFACEMAP@@XZ 00000001745672a8     mfc100d:mfc100d.dll
 0005:000042b0       __imp_?OnFinalRelease@CWnd@@UEAAXXZ 00000001745672b0     mfc100d:mfc100d.dll
 0005:000042b8       __imp_?OnCmdMsg@CDialog@@UEAAHIHPEAXPEAUAFX_CMDHANDLERINFO@@@Z 00000001745672b8     mfc100d:mfc100d.dll
 0005:000042c0       __imp_?Dump@CDialog@@UEBAXAEAVCDumpContext@@@Z 00000001745672c0     mfc100d:mfc100d.dll
 0005:000042c8       __imp_?AssertValid@CDialog@@UEBAXXZ 00000001745672c8     mfc100d:mfc100d.dll
 0005:000042d0       __imp_?GetRuntimeClass@CDialog@@UEBAPEAUCRuntimeClass@@XZ 00000001745672d0     mfc100d:mfc100d.dll
 0005:000042d8       __imp_??0CDialog@@QEAA@IPEAVCWnd@@@Z 00000001745672d8     mfc100d:mfc100d.dll
 0005:000042e0       __imp_??1?$CStringT@DV?$StrTraitMFC_DLL@DV?$ChTraitsCRT@D@ATL@@@@@ATL@@QEAA@XZ 00000001745672e0     mfc100d:mfc100d.dll
 0005:000042e8       __imp_??1CBitmap@@UEAA@XZ  00000001745672e8     mfc100d:mfc100d.dll
 0005:000042f0       __imp_??1CComboBox@@UEAA@XZ 00000001745672f0     mfc100d:mfc100d.dll
 0005:000042f8       __imp_??1CButton@@UEAA@XZ  00000001745672f8     mfc100d:mfc100d.dll
 0005:00004300       __imp_??1CEdit@@UEAA@XZ    0000000174567300     mfc100d:mfc100d.dll
 0005:00004308       __imp_??1CStatic@@UEAA@XZ  0000000174567308     mfc100d:mfc100d.dll
 0005:00004310       __imp_??1CDialog@@UEAA@XZ  0000000174567310     mfc100d:mfc100d.dll
 0005:00004318       __imp_?AfxEnableControlContainer@@YAXPEAVCOccManager@@@Z 0000000174567318     mfc100d:mfc100d.dll
 0005:00004320       __imp_?DoModal@CDialog@@UEAA_JXZ 0000000174567320     mfc100d:mfc100d.dll
 0005:00004328       __imp_??1CWinApp@@UEAA@XZ  0000000174567328     mfc100d:mfc100d.dll
 0005:00004330       __imp_??3CObject@@SAXPEAX@Z 0000000174567330     mfc100d:mfc100d.dll
 0005:00004338       __imp_?LoadSysPolicies@CWinApp@@UEAAHXZ 0000000174567338     mfc100d:mfc100d.dll
 0005:00004340       __imp_?LoadAppLangResourceDLL@CWinApp@@UEAAPEAUHINSTANCE__@@XZ 0000000174567340     mfc100d:mfc100d.dll
 0005:00004348       __imp_?RestartInstance@CWinApp@@UEAAHXZ 0000000174567348     mfc100d:mfc100d.dll
 0005:00004350       __imp_?IsTaskbarInteractionEnabled@CWinApp@@UEAAHXZ 0000000174567350     mfc100d:mfc100d.dll
 0005:00004358       __imp_?GetDataRecoveryHandler@CWinApp@@UEAAPEAVCDataRecoveryHandler@@XZ 0000000174567358     mfc100d:mfc100d.dll
 0005:00004360       __imp_?ApplicationRecoveryCallback@CWinApp@@UEAAKPEAX@Z 0000000174567360     mfc100d:mfc100d.dll
 0005:00004368       __imp_?RegisterWithRestartManager@CWinApp@@UEAAJHAEBV?$CStringT@DV?$StrTraitMFC_DLL@DV?$ChTraitsCRT@D@ATL@@@@@ATL@@@Z 0000000174567368     mfc100d:mfc100d.dll
 0005:00004370       __imp_?RegisterWithRestartManager@CWinApp@@UEAAJPEB_WKP6AKPEAX@Z1KK@Z 0000000174567370     mfc100d:mfc100d.dll
 0005:00004378       __imp_?WinHelpInternal@CWinApp@@UEAAX_KI@Z 0000000174567378     mfc100d:mfc100d.dll
 0005:00004380       __imp_?HtmlHelpA@CWinApp@@UEAAX_KI@Z 0000000174567380     mfc100d:mfc100d.dll
 0005:00004388       __imp_?WinHelpA@CWinApp@@UEAAX_KI@Z 0000000174567388     mfc100d:mfc100d.dll
 0005:00004390       __imp_?OnDDECommand@CWinApp@@UEAAHPEAD@Z 0000000174567390     mfc100d:mfc100d.dll
 0005:00004398       __imp_?DoWaitCursor@CWinApp@@UEAAXH@Z 0000000174567398     mfc100d:mfc100d.dll
 0005:000043a0       __imp_?DoMessageBox@CWinApp@@UEAAHPEBDII@Z 00000001745673a0     mfc100d:mfc100d.dll
 0005:000043a8       __imp_?SaveAllModified@CWinApp@@UEAAHXZ 00000001745673a8     mfc100d:mfc100d.dll
 0005:000043b0       __imp_?InitApplication@CWinApp@@UEAAHXZ 00000001745673b0     mfc100d:mfc100d.dll
 0005:000043b8       __imp_?AddToRecentFileList@CWinApp@@UEAAXPEBD@Z 00000001745673b8     mfc100d:mfc100d.dll
 0005:000043c0       __imp_?OpenDocumentFile@CWinApp@@UEAAPEAVCDocument@@PEBD@Z 00000001745673c0     mfc100d:mfc100d.dll
 0005:000043c8       __imp_?OpenDocumentFile@CWinApp@@UEAAPEAVCDocument@@PEBDH@Z 00000001745673c8     mfc100d:mfc100d.dll
 0005:000043d0       __imp_?Unregister@CWinApp@@UEAAHXZ 00000001745673d0     mfc100d:mfc100d.dll
 0005:000043d8       __imp_?Register@CWinApp@@UEAAHXZ 00000001745673d8     mfc100d:mfc100d.dll
 0005:000043e0       __imp_?InitLibId@CWinApp@@UEAAXXZ 00000001745673e0     mfc100d:mfc100d.dll
 0005:000043e8       __imp_?WriteProfileBinary@CWinApp@@UEAAHPEBD0PEAEI@Z 00000001745673e8     mfc100d:mfc100d.dll
 0005:000043f0       __imp_?GetProfileBinary@CWinApp@@UEAAHPEBD0PEAPEAEPEAI@Z 00000001745673f0     mfc100d:mfc100d.dll
 0005:000043f8       __imp_?WriteProfileStringA@CWinApp@@UEAAHPEBD00@Z 00000001745673f8     mfc100d:mfc100d.dll
 0005:00004400       __imp_?GetProfileStringA@CWinApp@@UEAA?AV?$CStringT@DV?$StrTraitMFC_DLL@DV?$ChTraitsCRT@D@ATL@@@@@ATL@@PEBD00@Z 0000000174567400     mfc100d:mfc100d.dll
 0005:00004408       __imp_?WriteProfileInt@CWinApp@@UEAAHPEBD0H@Z 0000000174567408     mfc100d:mfc100d.dll
 0005:00004410       __imp_?Open@CFile@@UEAAHPEBDIPEAVCFileException@@@Z 0000000174567410     mfc100d:mfc100d.dll
 0005:00004418       __imp_?Write@CFile@@UEAAXPEBXI@Z 0000000174567418     mfc100d:mfc100d.dll
 0005:00004420       __imp_?Close@CFile@@UEAAXXZ 0000000174567420     mfc100d:mfc100d.dll
 0005:00004428       __imp_??1CFile@@UEAA@XZ    0000000174567428     mfc100d:mfc100d.dll
 0005:00004430       __imp_??2@YAPEAX_KPEBDH@Z  0000000174567430     mfc100d:mfc100d.dll
 0005:00004438       __imp_??0CMenu@@QEAA@XZ    0000000174567438     mfc100d:mfc100d.dll
 0005:00004440       __imp_?LoadMenuA@CMenu@@QEAAHI@Z 0000000174567440     mfc100d:mfc100d.dll
 0005:00004448       __imp_?GetSubMenu@CMenu@@QEBAPEAV1@H@Z 0000000174567448     mfc100d:mfc100d.dll
 0005:00004450       __imp_?SetForegroundWindow@CWnd@@QEAAHXZ 0000000174567450     mfc100d:mfc100d.dll
 0005:00004458       __imp_?TrackPopupMenu@CMenu@@QEAAHIHHPEAVCWnd@@PEBUtagRECT@@@Z 0000000174567458     mfc100d:mfc100d.dll
 0005:00004460       __imp_?PostMessageA@CWnd@@QEAAHI_K_J@Z 0000000174567460     mfc100d:mfc100d.dll
 0005:00004468       __imp_?DestroyMenu@CMenu@@QEAAHXZ 0000000174567468     mfc100d:mfc100d.dll
 0005:00004470       __imp_??1CMenu@@UEAA@XZ    0000000174567470     mfc100d:mfc100d.dll
 0005:00004478       __imp_?DDX_Control@@YAXPEAVCDataExchange@@HAEAVCWnd@@@Z 0000000174567478     mfc100d:mfc100d.dll
 0005:00004480       __imp_??0CStatic@@QEAA@XZ  0000000174567480     mfc100d:mfc100d.dll
 0005:00004488       __imp_?GetProfileIntA@CWinApp@@UEAAIPEBD0H@Z 0000000174567488     mfc100d:mfc100d.dll
 0005:00004490       __imp_?Delete@CWinThread@@UEAAXXZ 0000000174567490     mfc100d:mfc100d.dll
 0005:00004498       __imp_?GetMainWnd@CWinThread@@UEAAPEAVCWnd@@XZ 0000000174567498     mfc100d:mfc100d.dll
 0005:000044a0       __imp_?ProcessMessageFilter@CWinThread@@UEAAHHPEAUtagMSG@@@Z 00000001745674a0     mfc100d:mfc100d.dll
 0005:000044a8       __imp_?ProcessWndProcException@CWinApp@@UEAA_JPEAVCException@@PEBUtagMSG@@@Z 00000001745674a8     mfc100d:mfc100d.dll
 0005:000044b0       __imp_?ExitInstance@CWinApp@@UEAAHXZ 00000001745674b0     mfc100d:mfc100d.dll
 0005:000044b8       __imp_?IsIdleMessage@CWinThread@@UEAAHPEAUtagMSG@@@Z 00000001745674b8     mfc100d:mfc100d.dll
 0005:000044c0       __imp_?OnIdle@CWinApp@@UEAAHJ@Z 00000001745674c0     mfc100d:mfc100d.dll
 0005:000044c8       __imp_?PumpMessage@CWinThread@@UEAAHXZ 00000001745674c8     mfc100d:mfc100d.dll
 0005:000044d0       __imp_?PreTranslateMessage@CWinThread@@UEAAHPEAUtagMSG@@@Z 00000001745674d0     mfc100d:mfc100d.dll
 0005:000044d8       __imp_?Run@CWinApp@@UEAAHXZ 00000001745674d8     mfc100d:mfc100d.dll
 0005:000044e0       __imp_?GetConnectionHook@CCmdTarget@@MEAAPEAUIConnectionPoint@@AEBU_GUID@@@Z 00000001745674e0     mfc100d:mfc100d.dll
 0005:000044e8       __imp_?GetExtraConnectionPoints@CCmdTarget@@MEAAHPEAVCPtrArray@@@Z 00000001745674e8     mfc100d:mfc100d.dll
 0005:000044f0       __imp_?GetInterfaceHook@CCmdTarget@@UEAAPEAUIUnknown@@PEBX@Z 00000001745674f0     mfc100d:mfc100d.dll
 0005:000044f8       __imp_?OnCreateAggregates@CCmdTarget@@UEAAHXZ 00000001745674f8     mfc100d:mfc100d.dll
 0005:00004500       __imp_?GetEventSinkMap@CCmdTarget@@MEBAPEBUAFX_EVENTSINKMAP@@XZ 0000000174567500     mfc100d:mfc100d.dll
 0005:00004508       __imp_?GetInterfaceMap@CCmdTarget@@MEBAPEBUAFX_INTERFACEMAP@@XZ 0000000174567508     mfc100d:mfc100d.dll
 0005:00004510       __imp_?GetConnectionMap@CCmdTarget@@MEBAPEBUAFX_CONNECTIONMAP@@XZ 0000000174567510     mfc100d:mfc100d.dll
 0005:00004518       __imp_?AfxWinMain@@YAHPEAUHINSTANCE__@@0PEADH@Z 0000000174567518     mfc100d:mfc100d.dll
 0005:00004520       __imp_?GetDispatchMap@CCmdTarget@@MEBAPEBUAFX_DISPMAP@@XZ 0000000174567520     mfc100d:mfc100d.dll
 0005:00004528       __imp_?GetCommandMap@CCmdTarget@@MEBAPEBUAFX_OLECMDMAP@@XZ 0000000174567528     mfc100d:mfc100d.dll
 0005:00004530       __imp_?GetTypeLib@CCmdTarget@@UEAAJKPEAPEAUITypeLib@@@Z 0000000174567530     mfc100d:mfc100d.dll
 0005:00004538       __imp_?IsEmpty@?$CSimpleStringT@D$00@ATL@@QEBA_NXZ 0000000174567538     mfc100d:mfc100d.dll
 0005:00004540       __imp_?AppendMenuA@CMenu@@QEAAHI_KPEBD@Z 0000000174567540     mfc100d:mfc100d.dll
 0005:00004548       __imp_?EnableMenuItem@CMenu@@QEAAIII@Z 0000000174567548     mfc100d:mfc100d.dll
 0005:00004550       __imp_?SetIcon@CWnd@@QEAAPEAUHICON__@@PEAU2@H@Z 0000000174567550     mfc100d:mfc100d.dll
 0005:00004558       __imp_?GetStyle@CWnd@@QEBAKXZ 0000000174567558     mfc100d:mfc100d.dll
 0005:00004560       __imp_?GetDlgItem@CWnd@@QEBAPEAV1@H@Z 0000000174567560     mfc100d:mfc100d.dll
 0005:00004568       __imp_?MoveWindow@CWnd@@QEAAXHHHHH@Z 0000000174567568     mfc100d:mfc100d.dll
 0005:00004570       __imp_?ShowWindow@CWnd@@QEAAHH@Z 0000000174567570     mfc100d:mfc100d.dll
 0005:00004578       __imp_?GetBuffer@?$CSimpleStringT@D$00@ATL@@QEAAPEADXZ 0000000174567578     mfc100d:mfc100d.dll
 0005:00004580       __imp_??4?$CStringT@DV?$StrTraitMFC_DLL@DV?$ChTraitsCRT@D@ATL@@@@@ATL@@QEAAAEAV01@AEBV01@@Z 0000000174567580     mfc100d:mfc100d.dll
 0005:00004588       __imp_?InvalidateRect@CWnd@@QEAAXPEBUtagRECT@@H@Z 0000000174567588     mfc100d:mfc100d.dll
 0005:00004590       __imp_?GetClientRect@CWnd@@QEBAXPEAUtagRECT@@@Z 0000000174567590     mfc100d:mfc100d.dll
 0005:00004598       __imp_?AfxGetInstanceHandle@@YAPEAUHINSTANCE__@@XZ 0000000174567598     mfc100d:mfc100d.dll
 0005:000045a0       __imp_?SetTimer@CWnd@@QEAA_K_KIP6AXPEAUHWND__@@I0K@Z@Z 00000001745675a0     mfc100d:mfc100d.dll
 0005:000045a8       __imp_?EndDialog@CDialog@@QEAAXH@Z 00000001745675a8     mfc100d:mfc100d.dll
 0005:000045b0       __imp_??3@YAXPEAXPEBDH@Z   00000001745675b0     mfc100d:mfc100d.dll
 0005:000045b8       __imp_?Format@?$CStringT@DV?$StrTraitMFC_DLL@DV?$ChTraitsCRT@D@ATL@@@@@ATL@@QEAAXPEBDZZ 00000001745675b8     mfc100d:mfc100d.dll
 0005:000045c0       __imp_?Left@?$CStringT@DV?$StrTraitMFC_DLL@DV?$ChTraitsCRT@D@ATL@@@@@ATL@@QEBA?AV12@H@Z 00000001745675c0     mfc100d:mfc100d.dll
 0005:000045c8       __imp_?SetProxy@CWnd@@UEAAJPEAUIAccessibleProxy@@@Z 00000001745675c8     mfc100d:mfc100d.dll
 0005:000045d0       __imp_??0CFileFind@@QEAA@XZ 00000001745675d0     mfc100d:mfc100d.dll
 0005:000045d8       __imp_??2@YAPEAX_K@Z       00000001745675d8     mfc100d:mfc100d.dll
 0005:000045e0       __imp_?GetTypeLibCache@CCmdTarget@@UEAAPEAVCTypeLibCache@@XZ 00000001745675e0     mfc100d:mfc100d.dll
 0005:000045e8       __imp_?GetTypeInfoCount@CCmdTarget@@UEAAIXZ 00000001745675e8     mfc100d:mfc100d.dll
 0005:000045f0       __imp_?GetDispatchIID@CCmdTarget@@UEAAHPEAU_GUID@@@Z 00000001745675f0     mfc100d:mfc100d.dll
 0005:000045f8       __imp_?IsInvokeAllowed@CCmdTarget@@UEAAHJ@Z 00000001745675f8     mfc100d:mfc100d.dll
 0005:00004600       __imp_?OnFinalRelease@CCmdTarget@@UEAAXXZ 0000000174567600     mfc100d:mfc100d.dll
 0005:00004608       __imp_?OnCmdMsg@CCmdTarget@@UEAAHIHPEAXPEAUAFX_CMDHANDLERINFO@@@Z 0000000174567608     mfc100d:mfc100d.dll
 0005:00004610       __imp_?Dump@CWinApp@@UEBAXAEAVCDumpContext@@@Z 0000000174567610     mfc100d:mfc100d.dll
 0005:00004618       __imp_?AssertValid@CWinApp@@UEBAXXZ 0000000174567618     mfc100d:mfc100d.dll
 0005:00004620       __imp_?Serialize@CObject@@UEAAXAEAVCArchive@@@Z 0000000174567620     mfc100d:mfc100d.dll
 0005:00004628       __imp_?GetRuntimeClass@CWinApp@@UEBAPEAUCRuntimeClass@@XZ 0000000174567628     mfc100d:mfc100d.dll
 0005:00004630       __imp_??0CWinApp@@QEAA@PEBD@Z 0000000174567630     mfc100d:mfc100d.dll
 0005:00004638       __imp_?GetThisMessageMap@CWinApp@@KAPEBUAFX_MSGMAP@@XZ 0000000174567638     mfc100d:mfc100d.dll
 0005:00004640       __imp_??3@YAXPEAX@Z        0000000174567640     mfc100d:mfc100d.dll
 0005:00004648       __imp_?FindNextFileA@CFileFind@@UEAAHXZ 0000000174567648     mfc100d:mfc100d.dll
 0005:00004650       __imp_?IsDots@CFileFind@@UEBAHXZ 0000000174567650     mfc100d:mfc100d.dll
 0005:00004658       __imp_?IsDirectory@CFileFind@@QEBAHXZ 0000000174567658     mfc100d:mfc100d.dll
 0005:00004660       __imp_??1CFileFind@@UEAA@XZ 0000000174567660     mfc100d:mfc100d.dll
 0005:00004668       __imp_?AfxAssertFailedLine@@YAHPEBDH@Z 0000000174567668     mfc100d:mfc100d.dll
 0005:00004670       __imp_??0?$CStringT@DV?$StrTraitMFC_DLL@DV?$ChTraitsCRT@D@ATL@@@@@ATL@@QEAA@AEBV01@@Z 0000000174567670     mfc100d:mfc100d.dll
 0005:00004678       __imp_??Y?$CStringT@DV?$StrTraitMFC_DLL@DV?$ChTraitsCRT@D@ATL@@@@@ATL@@QEAAAEAV01@AEBV?$CSimpleStringT@D$00@1@@Z 0000000174567678     mfc100d:mfc100d.dll
 0005:00004680       __imp_?SetWindowTextA@CWnd@@QEAAXPEBD@Z 0000000174567680     mfc100d:mfc100d.dll
 0005:00004688       __imp_?GetLength@?$CSimpleStringT@D$00@ATL@@QEBAHXZ 0000000174567688     mfc100d:mfc100d.dll
 0005:00004690       __imp_?accSelect@CWnd@@UEAAJJUtagVARIANT@@@Z 0000000174567690     mfc100d:mfc100d.dll
 0005:00004698       __imp_??0CFile@@QEAA@XZ    0000000174567698     mfc100d:mfc100d.dll
 0005:000046a0       __imp_??0?$CStringT@DV?$StrTraitMFC_DLL@DV?$ChTraitsCRT@D@ATL@@@@@ATL@@QEAA@XZ 00000001745676a0     mfc100d:mfc100d.dll
 0005:000046a8       __imp_??0CButton@@QEAA@XZ  00000001745676a8     mfc100d:mfc100d.dll
 0005:000046b0       __imp_??0CEdit@@QEAA@XZ    00000001745676b0     mfc100d:mfc100d.dll
 0005:000046b8       __imp_??0CComboBox@@QEAA@XZ 00000001745676b8     mfc100d:mfc100d.dll
 0005:000046c0       __imp_??0CBitmap@@QEAA@XZ  00000001745676c0     mfc100d:mfc100d.dll
 0005:000046c8       __imp_??0?$CStringT@DV?$StrTraitMFC_DLL@DV?$ChTraitsCRT@D@ATL@@@@@ATL@@QEAA@PEBD@Z 00000001745676c8     mfc100d:mfc100d.dll
 0005:000046d0       __imp_?AfxGetApp@@YAPEAVCWinApp@@XZ 00000001745676d0     mfc100d:mfc100d.dll
 0005:000046d8       __imp_?LoadIconA@CWinApp@@QEBAPEAUHICON__@@I@Z 00000001745676d8     mfc100d:mfc100d.dll
 0005:000046e0       __imp_??4?$CStringT@DV?$StrTraitMFC_DLL@DV?$ChTraitsCRT@D@ATL@@@@@ATL@@QEAAAEAV01@PEBD@Z 00000001745676e0     mfc100d:mfc100d.dll
 0005:000046e8       __imp_?GetThisMessageMap@CDialog@@KAPEBUAFX_MSGMAP@@XZ 00000001745676e8     mfc100d:mfc100d.dll
 0005:000046f0       __imp_?DoDataExchange@CWnd@@MEAAXPEAVCDataExchange@@@Z 00000001745676f0     mfc100d:mfc100d.dll
 0005:000046f8       __imp_?PreInitDialog@CDialog@@MEAAXXZ 00000001745676f8     mfc100d:mfc100d.dll
 0005:00004700       __imp_?OnCancel@CDialog@@MEAAXXZ 0000000174567700     mfc100d:mfc100d.dll
 0005:00004708       __imp_?OnOK@CDialog@@MEAAXXZ 0000000174567708     mfc100d:mfc100d.dll
 0005:00004710       __imp_?OnSetFont@CDialog@@UEAAXPEAVCFont@@@Z 0000000174567710     mfc100d:mfc100d.dll
 0005:00004718       __imp_?OnInitDialog@CDialog@@UEAAHXZ 0000000174567718     mfc100d:mfc100d.dll
 0005:00004720       __imp_?CreateIndirect@CDialog@@UEAAHPEBUDLGTEMPLATE@@PEAVCWnd@@PEAX@Z 0000000174567720     mfc100d:mfc100d.dll
 0005:00004728       __imp_?CreateIndirect@CDialog@@UEAAHPEAXPEAVCWnd@@@Z 0000000174567728     mfc100d:mfc100d.dll
 0005:00004730       __imp_?Create@CDialog@@UEAAHPEBDPEAVCWnd@@@Z 0000000174567730     mfc100d:mfc100d.dll
 0005:00004738       __imp_?Create@CDialog@@UEAAHIPEAVCWnd@@@Z 0000000174567738     mfc100d:mfc100d.dll
 0005:00004740       __imp_?GetOccDialogInfo@CDialog@@MEAAPEAU_AFX_OCC_DIALOG_INFO@@XZ 0000000174567740     mfc100d:mfc100d.dll
 0005:00004748       __imp_?SetOccDialogInfo@CDialog@@MEAAHPEAU_AFX_OCC_DIALOG_INFO@@@Z 0000000174567748     mfc100d:mfc100d.dll
 0005:00004750       __imp_?CreateControlSite@CWnd@@MEAAHPEAVCOleControlContainer@@PEAPEAVCOleControlSite@@IAEBU_GUID@@@Z 0000000174567750     mfc100d:mfc100d.dll
 0005:00004758       __imp_?CreateControlContainer@CWnd@@MEAAHPEAPEAVCOleControlContainer@@@Z 0000000174567758     mfc100d:mfc100d.dll
 0005:00004760       __imp_?IsFrameWnd@CWnd@@UEBAHXZ 0000000174567760     mfc100d:mfc100d.dll
 0005:00004768       __imp_?CheckAutoCenter@CDialog@@UEAAHXZ 0000000174567768     mfc100d:mfc100d.dll
 0005:00004770       __imp_?CreateAccessibleProxy@CWnd@@UEAAJ_K_JPEA_J@Z 0000000174567770     mfc100d:mfc100d.dll
 0005:00004778       __imp_?OnGesturePressAndTap@CWnd@@MEAAHVCPoint@@J@Z 0000000174567778     mfc100d:mfc100d.dll
 0005:00004780       __imp_?get_accDescription@CWnd@@UEAAJUtagVARIANT@@PEAPEA_W@Z 0000000174567780     mfc100d:mfc100d.dll
 0005:00004788       __imp_?AfxGetModuleState@@YAPEAVAFX_MODULE_STATE@@XZ 0000000174567788     mfc100d:mfc100d.dll
 0005:00004790       \177mfc100d_NULL_THUNK_DATA 0000000174567790     mfc100d:mfc100d.dll
 0005:000049e0       __imp_CreateStreamOnHGlobal 00000001745679e0     ole32:ole32.dll
 0005:000049e8       \177ole32_NULL_THUNK_DATA  00000001745679e8     ole32:ole32.dll

 entry point at        0001:00015320

